[Licensing::Module] Trying to connect to existing licensing client channel...
[Licensing::IpcConnector] Successfully connected to: "LicenseClient-infon" at "2026-09-07T13:14:16.0017785Z"
Built from '6000.6/respin/6000.6.0f1-fa21a270ab12' branch; Version is '6000.6.0f1 (f7f8ed4d1e24) revision 16251117'; Using compiler version '194234433'; Build Type 'Release'
OS: 'Windows 11  (10.0.26200) Core' Language: 'en' Physical Memory: 65409 MB
BatchMode: 1, IsHumanControllingUs: 0, StartBugReporterOnCrash: 0, Is64bit: 1
System  architecture: x64
Process architecture: x64
Date: 2026-09-07T13:14:16Z
[Licensing::Client] Code 10 while verifying Licensing Client signature (process Id: 38476, path: "C:/Program Files/Unity/Hub/Editor/6000.6.0f1/Editor/Data/Resources/Licensing/Client/Unity.Licensing.Client.exe")
[Licensing::Module] LicensingClient has failed validation; ignoring
[Licensing::Client] Handshaking with LicensingClient:
  Version:                 1.18.3+d7ffd15
  Session Id:              b490dfa3a01c42c79c64095722596122
  Correlation Id:          7a1d020b1f4edab72d2c03f4140e78cc
  External correlation Id: 5289493256614480597
  Machine Id:              CMsiS5hNir0F7XcR/GX25FLoSqs=
[Licensing::Module] Successfully connected to LicensingClient on channel: "LicenseClient-infon" (connect: 0.00s, validation: 0.00s, handshake: 0.04s)
[Licensing::IpcConnector] Successfully connected to: "LicenseClient-infon-notifications" at "2026-09-07T13:14:16.0465692Z"
[Licensing::Module] Licensing Background thread has ended after 0.05s

COMMAND LINE ARGUMENTS:
C:\Program Files\Unity\Hub\Editor\6000.6.0f1\Editor\Unity.exe
-adb2
-batchMode
-noUpm
-name
AssetImportWorkerHW0
-projectPath
C:/Users/infon/game
-logFile
Logs/AssetImportWorkerHW0.log
-srvPort
60872
-parentPid
880
-analyticsCloudUserId
anonymous
-analyticsCloudProjectId
87c76f71-6dd4-4311-8ff4-0c90b810dca2
-analyticsLocalProjectId
ef2a244ed2176564a9d86b1e92fcee3a
-editorAnalyticsEnabled
1
-cbmEditorLicense
f8aeeac0e2236d0c20cc1bbc895de4b56a8206ca
-cbmMachineId
CMsiS5hNir0F7XcR/GX25FLoSqs=
-licensingIpc
LicenseClient-infon
-noDiagnosticSwitchPersistentStore
-job-worker-count
23
-background-job-worker-count
8
-asset-garbage-collectors
1
-force-d3d12
-name
AssetImport
Successfully changed project path to: C:/Users/infon/game
C:/Users/infon/game
[UnityMemory] Configuration Parameters - Can be set up in boot.config
    "memorysetup-temp-allocator-size-gi-baking-worker=262144"
    "memorysetup-temp-allocator-size-gi-baking-worker=262144"
    "memorysetup-temp-allocator-size-gi-baking-worker=262144"
    "memorysetup-temp-allocator-size-gi-baking-worker=262144"
    "memorysetup-temp-allocator-size-gi-baking-worker=262144"
    "memorysetup-temp-allocator-size-nav-mesh-worker=65536"
    "memorysetup-temp-allocator-size-audio-worker=65536"
    "memorysetup-temp-allocator-size-cloud-worker=32768"
    "memorysetup-temp-allocator-size-gfx=262144"
    "memorysetup-remapper-allocator-initial-capacity=32768"
    "memorysetup-temp-allocator-size-preload-manager=33554432"
    "memorysetup-allocator-temp-initial-block-size-main=262144"
    "memorysetup-allocator-temp-initial-block-size-worker=262144"
    "memorysetup-temp-allocator-size-job-worker=262144"
    "memorysetup-temp-allocator-size-background-worker=32768"
    "memorysetup-bucket-allocator-granularity=16"
    "memorysetup-bucket-allocator-bucket-count=8"
    "memorysetup-bucket-allocator-block-size=33554432"
    "memorysetup-bucket-allocator-block-count=8"
    "memorysetup-main-allocator-block-size=16777216"
    "memorysetup-thread-allocator-block-size=16777216"
    "memorysetup-main-allocator-mimalloc-enabled=1"
    "memorysetup-gfx-main-allocator-block-size=16777216"
    "memorysetup-gfx-thread-allocator-block-size=16777216"
    "memorysetup-cache-allocator-block-size=4194304"
    "memorysetup-typetree-allocator-block-size=2097152"
    "memorysetup-profiler-bucket-allocator-granularity=16"
    "memorysetup-profiler-bucket-allocator-bucket-count=8"
    "memorysetup-profiler-bucket-allocator-block-size=33554432"
    "memorysetup-profiler-bucket-allocator-block-count=8"
    "memorysetup-profiler-allocator-block-size=16777216"
    "memorysetup-profiler-editor-allocator-block-size=1048576"
    "memorysetup-temp-allocator-size-main=16777216"
    "memorysetup-job-temp-allocator-block-size=2097152"
    "memorysetup-job-temp-allocator-block-size-background=1048576"
    "memorysetup-job-temp-allocator-reduction-small-platforms=262144"
Player connection [29072]  Target information:

Player connection [29072]  * "[IP] 192.168.0.51 [Port] 0 [Flags] 2 [Guid] 2312061068 [EditorId] 2312061068 [Version] 1048832 [Id] WindowsEditor(7,admin) [Debug] 1 [PackageName] WindowsEditor [ProjectName] Editor" 

Player connection [29072] Host joined multi-casting on [225.0.0.222:54997]...
Player connection [29072] Host joined alternative multi-casting on [225.0.0.222:34997]...
JobSystem: Creating JobQueue using job-worker-count value 23
Input System module state changed to: Initialized.
[Physics::Module] Initialized fallback backend.
[Physics::Module] Id: 0xdecafbad
Library Redirect Path: Library/
Initialising UDS system complete:
  - System type: Client
  - Resource namespace: 63c88d4e0c27e67db6add2ca1aa6b22f
  - Shared memory size: 1073741824
  - Command buffer id: 1052576
  - Command buffer size: 8192
  - Hashmap size: 4194304
  - Service connected: true
  - Service working directory: Library/DataStore/
[Physics::Module] Selected backend.
[Physics::Module] Name: PhysX
[Physics::Module] Id: 0xf2b8ea05
[Physics::Module] SDK Version: 4.1.2
[Physics::Module] Integration Version: 1.0.0
[Physics::Module] Threading Mode: Multi-Threaded
Refreshing native plugins compatible for Editor in 4.80 ms, found 5 plugins.
Initialize engine version: 6000.6.0f1 (f7f8ed4d1e24)
[EntityIdStore] init: VM path (explicit commit), pageSize=4096, blockCount=1048576, entitiesPerBlock=256, slots reserved=4294967296 bytes
[Subsystems] Discovering subsystems at path C:/Program Files/Unity/Hub/Editor/6000.6.0f1/Editor/Data/Resources/UnitySubsystems
[Subsystems] Discovering subsystems at path C:/Users/infon/game/Assets
Forcing GfxDevice: Direct3D 12
GfxDevice: creating device client; kGfxThreadingModeNonThreaded
d3d12: failed to query info queue interface (0x80004002).
Direct3D:
    Version:         Direct3D 12 [level 12.2]
    Renderer:        NVIDIA GeForce RTX 4060 Ti (ID=0x2803)
    Vendor:          NVIDIA
    VRAM:            16109 MB
    App VRAM Budget: 15341 MB
    Driver:          32.0.15.9186
Initialize mono
Mono path[0] = 'C:/Program Files/Unity/Hub/Editor/6000.6.0f1/Editor/Data/Managed'
Mono path[1] = 'C:/Program Files/Unity/Hub/Editor/6000.6.0f1/Editor/Data/BCLExtensions/runtime/netstandard2.1'
Mono path[2] = 'C:/Program Files/Unity/Hub/Editor/6000.6.0f1/Editor/Data/MonoBleedingEdge/lib/mono/unityjit-win32'
Mono config path = 'C:/Program Files/Unity/Hub/Editor/6000.6.0f1/Editor/Data/MonoBleedingEdge/etc'
Using monoOptions --debugger-agent=transport=dt_socket,embedding=1,server=y,suspend=n,address=127.0.0.1:56764
CodeReloadManager initialized
Begin MonoManager ReloadAssembly
Registering precompiled unity dll's ...
Register platform support module: C:/Program Files/Unity/Hub/Editor/6000.6.0f1/Editor/Data/PlaybackEngines/WebGLSupport/UnityEditor.WebGL.Extensions.dll
Register platform support module: C:/Program Files/Unity/Hub/Editor/6000.6.0f1/Editor/Data/PlaybackEngines/WindowsStandaloneSupport/UnityEditor.WindowsStandalone.Extensions.dll
Registered in 0.002600 seconds.
Native extension for WindowsStandalone target not found
Native extension for WebGL target not found
Package Manager log level set to [2]
[Package Manager] Failed to launch server process. Reason: Unity was launched with the -noUpm command-line argument
[Package Manager] Unable to send message (not connected to server process).
[Package Manager] Cannot connect to Unity Package Manager local server
ScheduleIndexationOnStartup MainProcess:False IndexOnStartup:True
Scripting: successfully reloaded assembly
- Finished resetting the current domain, in  0.478 seconds
Domain Reload Profiling: 1119ms
	BeginReloadAssembly (141ms)
	RebuildCommonClasses (6ms)
	RebuildNativeTypeToScriptingClass (20ms)
	initialDomainReloadingComplete (82ms)
	LoadAllAssembliesAndSetupDomain (390ms)
		LoadAssemblies (136ms)
		TypeCache.Refresh (269ms)
			TypeCache.ScanAssembly (252ms)
		AnalyzeDomain (1ms)
	FinalizeReload (479ms)
		SetupLoadedEditorAssemblies (0ms)
			InitializePlatformSupportModulesInManaged (3ms)
			BeforeProcessingInitializeOnLoad (109ms)
			ProcessInitializeOnLoadAttributes (104ms)
			ProcessInitializeOnLoadMethodAttributes (175ms)
Initializing Unity extensions:
[Licensing::Client] Successfully resolved entitlement details
[Licensing::Module] License group:
  Id: 9072351871076-UnityPersXXXX
  Product: Unity Personal
  Type: Assigned
  Expiration: Unlimited
========================================================================
Worker process is ready to serve import requests
Import Worker Mode flag is 0x00
Begin MonoManager ReloadAssembly
'Packages/com.unity.render-pipelines.core/Editor/Deprecated.cs' contains partial class of Unity.Object, exactly 1 of the partial classes needs to be in a file with the same filename. This is to know the one that can be referenced from ie. GameObjects
'Packages/com.unity.render-pipelines.core/Editor/Deprecated.cs' contains partial class of Unity.Object, exactly 1 of the partial classes needs to be in a file with the same filename. This is to know the one that can be referenced from ie. GameObjects
Refreshing native plugins compatible for Editor in 3.11 ms, found 5 plugins.
Native extension for WindowsStandalone target not found
Native extension for WebGL target not found
[Package Manager] Failed to launch server process. Reason: Unity was launched with the -noUpm command-line argument
[Package Manager] Unable to send message (not connected to server process).
[Package Manager] Cannot connect to Unity Package Manager local server
[Package Manager] Failed to launch server process. Reason: Unity was launched with the -noUpm command-line argument
[Package Manager] Unable to send message (not connected to server process).
[Package Manager] Cannot connect to Unity Package Manager local server
ScheduleIndexationOnStartup MainProcess:False IndexOnStartup:True
Scripting: successfully reloaded assembly
- Finished resetting the current domain, in  1.204 seconds
Domain Reload Profiling: 2529ms
	BeginReloadAssembly (251ms)
		DisableScriptedObjects (9ms)
		CreateAndSetChildDomain (38ms)
	RebuildCommonClasses (11ms)
	RebuildNativeTypeToScriptingClass (25ms)
	initialDomainReloadingComplete (93ms)
	LoadAllAssembliesAndSetupDomain (943ms)
		LoadAssemblies (461ms)
		TypeCache.Refresh (270ms)
			TypeCache.ScanAssembly (249ms)
		AnalyzeDomain (108ms)
			BuildScriptInfoCaches (99ms)
			ResolveRequiredComponents (6ms)
	FinalizeReload (1206ms)
		SetupLoadedEditorAssemblies (0ms)
			InitializePlatformSupportModulesInManaged (3ms)
			BeforeProcessingInitializeOnLoad (165ms)
			ProcessInitializeOnLoadAttributes (420ms)
			ProcessInitializeOnLoadMethodAttributes (330ms)
			AfterProcessingInitializeOnLoad (12ms)
		AwakeInstancesAfterBackupRestoration (11ms)
AcceleratorClientConnectionCallback - disconnected - :0
Launched and connected shader compiler UnityShaderCompiler.exe after 0.01 seconds
Refreshing native plugins compatible for Editor in 4.09 ms, found 5 plugins.
Unloading 24 Unused Serialized files (Serialized files now loaded: 0)
Unloading 7511 unused Assets / (5.4 MB). Loaded Objects now: 8479.
Memory consumption went from 368.0 MB to 362.6 MB.
Total: 11.891200 ms (FindLiveObjects: 0.935700 ms CreateObjectMapping: 0.403200 ms MarkObjects: 7.834400 ms  DeleteObjects: 2.454900 ms)

========================================================================
Received Prepare
AcceleratorClientConnectionCallback - disconnected - :0
Begin MonoManager ReloadAssembly
'Packages/com.unity.render-pipelines.core/Editor/Deprecated.cs' contains partial class of Unity.Object, exactly 1 of the partial classes needs to be in a file with the same filename. This is to know the one that can be referenced from ie. GameObjects
'Packages/com.unity.render-pipelines.core/Editor/Deprecated.cs' contains partial class of Unity.Object, exactly 1 of the partial classes needs to be in a file with the same filename. This is to know the one that can be referenced from ie. GameObjects
Refreshing native plugins compatible for Editor in 2.76 ms, found 5 plugins.
Native extension for WindowsStandalone target not found
Native extension for WebGL target not found
[Package Manager] Failed to launch server process. Reason: Unity was launched with the -noUpm command-line argument
[Package Manager] Unable to send message (not connected to server process).
[Package Manager] Cannot connect to Unity Package Manager local server
[Package Manager] Failed to launch server process. Reason: Unity was launched with the -noUpm command-line argument
[Package Manager] Unable to send message (not connected to server process).
[Package Manager] Cannot connect to Unity Package Manager local server
ScheduleIndexationOnStartup MainProcess:False IndexOnStartup:True
Scripting: successfully reloaded assembly
- Finished resetting the current domain, in  0.845 seconds
Domain Reload Profiling: 1907ms
	BeginReloadAssembly (351ms)
		DisableScriptedObjects (19ms)
		CreateAndSetChildDomain (78ms)
	RebuildCommonClasses (14ms)
	RebuildNativeTypeToScriptingClass (26ms)
	initialDomainReloadingComplete (98ms)
	LoadAllAssembliesAndSetupDomain (573ms)
		LoadAssemblies (476ms)
		TypeCache.Refresh (9ms)
		AnalyzeDomain (11ms)
			ResolveRequiredComponents (7ms)
	FinalizeReload (847ms)
		SetupLoadedEditorAssemblies (0ms)
			BeforeProcessingInitializeOnLoad (126ms)
			ProcessInitializeOnLoadAttributes (314ms)
			ProcessInitializeOnLoadMethodAttributes (104ms)
			AfterProcessingInitializeOnLoad (10ms)
		AwakeInstancesAfterBackupRestoration (26ms)
Refreshing native plugins compatible for Editor in 3.23 ms, found 5 plugins.
Unloading 24 Unused Serialized files (Serialized files now loaded: 0)
Unloading 7509 unused Assets / (5.6 MB). Loaded Objects now: 8483.
Memory consumption went from 357.4 MB to 351.8 MB.
Total: 11.303500 ms (FindLiveObjects: 0.815000 ms CreateObjectMapping: 0.305300 ms MarkObjects: 7.643100 ms  DeleteObjects: 2.312500 ms)

Prepare: number of updated asset objects reloaded= 0
========================================================================
Received Import Request.
  Time of request: 2026-09-07T13:14:41.6857309Z
  Time since last request: 327159.79356989997905 seconds.
  importAddress: GUID: 8c9cfa26abfee488c85f1582747f6a02 - Path: Assets/Scenes/SampleScene.unity - Importer: ScriptedImporter/UnityEditor.QuickSearchModule:UnityEditor.Search:ASIAI0B
Importing 'GUID: 8c9cfa26abfee488c85f1582747f6a02 - Path: Assets/Scenes/SampleScene.unity - Importer: ScriptedImporter/UnityEditor.QuickSearchModule:UnityEditor.Search:ASIAI0B' with importer (ScriptedImporter : UnityEditor.QuickSearchModule:UnityEditor.Search:ASIAI0B)
Imported 'GUID: 8c9cfa26abfee488c85f1582747f6a02' -> (Import Result ID: 'c0856c0d94554630dc0f9a33b9dcae6b') in 0.076 seconds [static and dynamic dependencies]. Details - ImportResultOutputID=af85f5e715e71b19c8e376e001c85800 DependenciesID=0c470d2bd3f412ce4b92db0b9e36ba1a StaticDependenciesID=5668c68f8dcb34ebae11227046f70e1a 
Number of updated asset objects reloaded before import = 0
Number of asset objects unloaded after import = 1
========================================================================
Received Import Request.
  Time of request: 2026-09-07T13:14:41.7791318Z
  Time since last request: 0.0003847 seconds.
  importAddress: GUID: 69e8e05074d3d8644bfb51d89aa528e1 - Path: Assets/PlayerMovement.cs - Importer: ScriptedImporter/UnityEditor.QuickSearchModule:UnityEditor.Search:ASIAI0B
Importing 'GUID: 69e8e05074d3d8644bfb51d89aa528e1 - Path: Assets/PlayerMovement.cs - Importer: ScriptedImporter/UnityEditor.QuickSearchModule:UnityEditor.Search:ASIAI0B' with importer (ScriptedImporter : UnityEditor.QuickSearchModule:UnityEditor.Search:ASIAI0B)
Imported 'GUID: 69e8e05074d3d8644bfb51d89aa528e1' -> (Import Result ID: 'f2c99577a2148f6a0aa6a45b17c6330e') in 0.024 seconds [static and dynamic dependencies]. Details - ImportResultOutputID=06b4e1b47c66a5a450437734218118d0 DependenciesID=02df6c4968d45e0b1ea060ab1c83be45 StaticDependenciesID=77f02b31b2d0800a611dabf0ef011542 
Number of updated asset objects reloaded before import = 0
Number of asset objects unloaded after import = 0
========================================================================
Received Import Request.
  Time of request: 2026-09-07T13:14:49.8673275Z
  Time since last request: 8.0497548 seconds.
  importAddress: GUID: 7dc5f1e5d04ac8549ac21802071e983b - Path: Packages/com.unity.2d.sprite/package.json - Importer: PreviewImporter
Importing 'GUID: 7dc5f1e5d04ac8549ac21802071e983b - Path: Packages/com.unity.2d.sprite/package.json - Importer: PreviewImporter' with importer (PreviewImporter)
Imported 'GUID: 7dc5f1e5d04ac8549ac21802071e983b' -> (Import Result ID: 'c62e5e6334129491c86b4f5935b91e06') in 0.017 seconds [static and dynamic dependencies]. Details - ImportResultOutputID=2c7377f4e61d6a8e446275c83805d1b8 DependenciesID=860e94e9be8a5a0726c428fa4467d979 StaticDependenciesID=90341b475354a0248e2b0bf3b331eb40 
Number of updated asset objects reloaded before import = 0
Number of asset objects unloaded after import = 1
========================================================================
Received Import Request.
  Time of request: 2026-09-07T13:14:52.1609363Z
  Time since last request: 2.2619583 seconds.
  importAddress: GUID: 7e2656e167a517b4d8552ba38f4b7bbe - Path: Packages/com.unity.2d.sprite/Tests - Importer: PreviewImporter
Importing 'GUID: 7e2656e167a517b4d8552ba38f4b7bbe - Path: Packages/com.unity.2d.sprite/Tests - Importer: PreviewImporter' with importer (PreviewImporter)
Imported 'GUID: 7e2656e167a517b4d8552ba38f4b7bbe' -> (Import Result ID: 'fd87b21a0e7bc3ba2f5c7bb29188c610') in 0.001 seconds [static and dynamic dependencies]. Details - ImportResultOutputID=4b1def83f8341534e78155f99d1cd903 DependenciesID=66caca4666ae1b174e786cfcd6a335d1 StaticDependenciesID=3735a50494b56106daf1878476e79296 
Number of updated asset objects reloaded before import = 0
Number of asset objects unloaded after import = 0
========================================================================
Received Prepare
AcceleratorClientConnectionCallback - disconnected - :0
Refreshing native plugins compatible for Editor in 3.85 ms, found 5 plugins.
Unloading 24 Unused Serialized files (Serialized files now loaded: 0)
Unloading 25 unused Assets / (3.0 MB). Loaded Objects now: 8486.
Memory consumption went from 353.1 MB to 350.1 MB.
Total: 10.544200 ms (FindLiveObjects: 0.699000 ms CreateObjectMapping: 0.150100 ms MarkObjects: 8.587300 ms  DeleteObjects: 0.869200 ms)

Prepare: number of updated asset objects reloaded= 0
========================================================================
Received Import Request.
  Time of request: 2026-09-07T13:16:20.2656856Z
  Time since last request: 88.0892695 seconds.
  importAddress: GUID: c3857b3eddee1074bb044c8e3766499c - Path: Assets/game character.png - Importer: PreviewImporter
Importing 'GUID: c3857b3eddee1074bb044c8e3766499c - Path: Assets/game character.png - Importer: PreviewImporter' with importer (PreviewImporter)
Imported 'GUID: c3857b3eddee1074bb044c8e3766499c' -> (Import Result ID: '7d0c56ea8c461a4419c42e7d2fa9c06f') in 0.105 seconds [static and dynamic dependencies]. Details - ImportResultOutputID=af25b3af9084d6c7c0c2c22e0f48b94d DependenciesID=a625be2ae1a5d2f928bf9a728d6f5e9e StaticDependenciesID=743fc3ea70b79a0878c84d57594be878 
Number of updated asset objects reloaded before import = 0
Number of asset objects unloaded after import = 22
========================================================================
Received Import Request.
  Time of request: 2026-09-07T13:16:20.9602548Z
  Time since last request: 0.5716945 seconds.
  importAddress: GUID: 23748f2e82d2a0b41adb0e0d9c09e85d - Path: Assets/game character sidways.png - Importer: ScriptedImporter/UnityEditor.QuickSearchModule:UnityEditor.Search:ASIAI0B
Importing 'GUID: 23748f2e82d2a0b41adb0e0d9c09e85d - Path: Assets/game character sidways.png - Importer: ScriptedImporter/UnityEditor.QuickSearchModule:UnityEditor.Search:ASIAI0B' with importer (ScriptedImporter : UnityEditor.QuickSearchModule:UnityEditor.Search:ASIAI0B)
Imported 'GUID: 23748f2e82d2a0b41adb0e0d9c09e85d' -> (Import Result ID: '54b9a8204f6ba3cae5700bb303681ab8') in 0.055 seconds [static and dynamic dependencies]. Details - ImportResultOutputID=3bcc0f26f6f8f788a877679348c58442 DependenciesID=9a0383c89b36b7c9fe8d23caf6e1b232 StaticDependenciesID=e707cecf4f99c5c972162ce3416b27cd 
Number of updated asset objects reloaded before import = 0
Number of asset objects unloaded after import = 10
========================================================================
Received Import Request.
  Time of request: 2026-09-07T13:19:47.6971965Z
  Time since last request: 206.66599299999999 seconds.
  importAddress: GUID: a97c105638bdf8b4a8650670310a4cd3 - Path: Packages/com.unity.render-pipelines.universal/Runtime/Materials/Sprite-Lit-Default.mat - Importer: PreviewImporter
Importing 'GUID: a97c105638bdf8b4a8650670310a4cd3 - Path: Packages/com.unity.render-pipelines.universal/Runtime/Materials/Sprite-Lit-Default.mat - Importer: PreviewImporter' with importer (PreviewImporter)
Imported 'GUID: a97c105638bdf8b4a8650670310a4cd3' -> (Import Result ID: '36f12c8805e28459085d973d9c2a321d') in 0.332 seconds [static and dynamic dependencies]. Details - ImportResultOutputID=c41a7e403ac8305c88b635818c3596db DependenciesID=80283f1526d3c2ab74a78eb59e22c562 StaticDependenciesID=370a142942de7513da01291afb6ecdd4 
Number of updated asset objects reloaded before import = 0
Number of asset objects unloaded after import = 0
========================================================================
Received Import Request.
  Time of request: 2026-09-07T13:19:48.0450597Z
  Time since last request: 0.0000247 seconds.
  importAddress: GUID: 15d0c3709176029428a0da2f8cecf0b5 - Path: Packages/com.unity.render-pipelines.universal/Runtime/Materials/SpriteMask-Default.mat - Importer: PreviewImporter
Importing 'GUID: 15d0c3709176029428a0da2f8cecf0b5 - Path: Packages/com.unity.render-pipelines.universal/Runtime/Materials/SpriteMask-Default.mat - Importer: PreviewImporter' with importer (PreviewImporter)
Imported 'GUID: 15d0c3709176029428a0da2f8cecf0b5' -> (Import Result ID: '3ed5f96f9b1170dc25d5a87fd123e0cb') in 0.022 seconds [static and dynamic dependencies]. Details - ImportResultOutputID=237fd6c931d9f961c02212f7c7cd7ec0 DependenciesID=6ccf41f9a8f2159514b61e28ba2fc6b0 StaticDependenciesID=7182571488c543bf424664751821f487 
Number of updated asset objects reloaded before import = 0
Number of asset objects unloaded after import = 0
========================================================================
Received Import Request.
  Time of request: 2026-09-07T13:19:48.081794Z
  Time since last request: 0.0008242 seconds.
  importAddress: GUID: 594ea882c5a793440b60ff72d896021e - Path: Packages/com.unity.render-pipelines.universal/Runtime/Materials/TerrainLit.mat - Importer: PreviewImporter
Importing 'GUID: 594ea882c5a793440b60ff72d896021e - Path: Packages/com.unity.render-pipelines.universal/Runtime/Materials/TerrainLit.mat - Importer: PreviewImporter' with importer (PreviewImporter)
Imported 'GUID: 594ea882c5a793440b60ff72d896021e' -> (Import Result ID: '5c85f28353ce756aaeb7cac38fa18549') in 0.195 seconds [static and dynamic dependencies]. Details - ImportResultOutputID=61c5272ea840c188eace2ff91fc38c9a DependenciesID=1a75d459b2c967c1ac2b83925ac38ee6 StaticDependenciesID=f2f63c287d1672296332c996f19af34d 
Number of updated asset objects reloaded before import = 0
Number of asset objects unloaded after import = 0
========================================================================
Received Import Request.
  Time of request: 2026-09-07T13:19:48.2936892Z
  Time since last request: 0.0022569 seconds.
  importAddress: GUID: 9452ae1262a74094f8a68013fbcd1834 - Path: Packages/com.unity.render-pipelines.universal/Runtime/Materials/Mesh2D-Lit-Default.mat - Importer: PreviewImporter
Importing 'GUID: 9452ae1262a74094f8a68013fbcd1834 - Path: Packages/com.unity.render-pipelines.universal/Runtime/Materials/Mesh2D-Lit-Default.mat - Importer: PreviewImporter' with importer (PreviewImporter)
Imported 'GUID: 9452ae1262a74094f8a68013fbcd1834' -> (Import Result ID: '0ceed1adc48e0541c7c61b4b3e49a409') in 0.023 seconds [static and dynamic dependencies]. Details - ImportResultOutputID=0280410b1460aeaff0e3e49c654e6b65 DependenciesID=cf9aafdd6663eed8758d73faaa4be066 StaticDependenciesID=3d2348ba632036b330d4bec4dbdfa0c0 
Number of updated asset objects reloaded before import = 0
Number of asset objects unloaded after import = 0
========================================================================
Received Import Request.
  Time of request: 2026-09-07T13:19:48.3331638Z
  Time since last request: 0.0013229 seconds.
  importAddress: GUID: 9875a245ac49007498213638a307faa1 - Path: Packages/com.unity.render-pipelines.universal/Runtime/Materials/SpatialMappingWireframe.mat - Importer: PreviewImporter
Importing 'GUID: 9875a245ac49007498213638a307faa1 - Path: Packages/com.unity.render-pipelines.universal/Runtime/Materials/SpatialMappingWireframe.mat - Importer: PreviewImporter' with importer (PreviewImporter)
Imported 'GUID: 9875a245ac49007498213638a307faa1' -> (Import Result ID: 'dfc76d5fe2d6e18d05efd69f0b82e807') in 0.028 seconds [static and dynamic dependencies]. Details - ImportResultOutputID=e45b240e5cb653da1b252fefbeede348 DependenciesID=e9735c1e40aa4298cca8ea2d0388476b StaticDependenciesID=204cb88cea15515c0571381da2616947 
Number of updated asset objects reloaded before import = 0
Number of asset objects unloaded after import = 1
========================================================================
Received Import Request.
  Time of request: 2026-09-07T13:19:48.3772618Z
  Time since last request: 0.0014884 seconds.
  importAddress: GUID: b51db210fe78df745a372851b3db949e - Path: Packages/com.unity.render-pipelines.universal/Runtime/Materials/SpatialMappingOcclusion.mat - Importer: PreviewImporter
Importing 'GUID: b51db210fe78df745a372851b3db949e - Path: Packages/com.unity.render-pipelines.universal/Runtime/Materials/SpatialMappingOcclusion.mat - Importer: PreviewImporter' with importer (PreviewImporter)
Imported 'GUID: b51db210fe78df745a372851b3db949e' -> (Import Result ID: 'a61412e22280e1cd054b938fc72ecc66') in 0.019 seconds [static and dynamic dependencies]. Details - ImportResultOutputID=a9d97cf75954d8f7c7d40b3e5ebcb2de DependenciesID=c3862c1d07e5fdd0730e54b5e6950dfd StaticDependenciesID=d46efb677545bbc6272b2ab27ad6d878 
Number of updated asset objects reloaded before import = 0
Number of asset objects unloaded after import = 1
========================================================================
Received Import Request.
  Time of request: 2026-09-07T13:19:48.4121556Z
  Time since last request: 0.0009227 seconds.
  importAddress: GUID: e823cd5b5d27c0f4b8256e7c12ee3e6d - Path: Packages/com.unity.render-pipelines.universal/Runtime/Materials/ParticlesUnlit.mat - Importer: PreviewImporter
Importing 'GUID: e823cd5b5d27c0f4b8256e7c12ee3e6d - Path: Packages/com.unity.render-pipelines.universal/Runtime/Materials/ParticlesUnlit.mat - Importer: PreviewImporter' with importer (PreviewImporter)
Imported 'GUID: e823cd5b5d27c0f4b8256e7c12ee3e6d' -> (Import Result ID: '3e6b238af6d30f06180beb6a0df53d4f') in 0.265 seconds [static and dynamic dependencies]. Details - ImportResultOutputID=cc7e6e7cae56a2a560481367efc71f91 DependenciesID=d85accde9cfc51bef5f774195f9fb3c6 StaticDependenciesID=dcc7293be1aeb1045384a3184f87cf23 
Number of updated asset objects reloaded before import = 0
Number of asset objects unloaded after import = 1
Editor requested this worker to shutdown with reason: Scaling down because of idle timeout
AcceleratorClientConnectionCallback - disconnected - :0
AssetImportWorker is now disconnected from the server
Process exiting
[ExitDontLaunchBugReporter] Exiting without the bug reporter. Application will exit with return code 0
