VBCSCompilerPreWarmer: pre-warm launched (dotnet PID 33692)
VBCSCompiler prewarm took 13.24 ms
[Licensing::Module] Trying to connect to existing licensing client channel...
[Licensing::IpcConnector] Successfully connected to: "LicenseClient-infon" at "2026-09-06T18:56:06.502027Z"
Built from '6000.6/respin/6000.6.0f1-fa21a270ab12' branch; Version is '6000.6.0f1 (f7f8ed4d1e24) revision 16251117'; Using compiler version '194234433'; Build Type 'Release'
OS: 'Windows 11  (10.0.26200) Core' Language: 'en' Physical Memory: 65409 MB
BatchMode: 0, IsHumanControllingUs: 1, StartBugReporterOnCrash: 1, Is64bit: 1
System  architecture: x64
Process architecture: x64
Date: 2026-09-06T18:56:06Z
[Licensing::Client] Code 10 while verifying Licensing Client signature (process Id: 28352, path: "C:/Program Files/Unity Hub/UnityLicensingClient_V1/Unity.Licensing.Client.exe")
[Licensing::Module] LicensingClient has failed validation; ignoring
[Licensing::Client] Handshaking with LicensingClient:
  Version:                 1.18.3+d7ffd15
  Session Id:              8dc1e314583c4d4aa650ff9285f1e546
  Correlation Id:          7a08ceca2cae6ff6055efb25bb0b4dea
  External correlation Id: 2004981371869482069
  Machine Id:              CMsiS5hNir0F7XcR/GX25FLoSqs=
[Licensing::Module] Successfully connected to LicensingClient on channel: "LicenseClient-infon" (connect: 0.00s, validation: 0.00s, handshake: 0.04s)
[Licensing::IpcConnector] Successfully connected to: "LicenseClient-infon-notifications" at "2026-09-06T18:56:06.5443676Z"
[Licensing::Client] Successfully updated the access token
[Licensing::Module] Successfully updated the access token 9TLNT-PowG...
[Licensing::Client] Successfully resolved entitlement details
[Licensing::Module] License group:
  Id: 9072351871076-UnityPersXXXX
  Product: Unity Personal
  Type: Assigned
  Expiration: Unlimited
[Licensing::Client] Successfully updated license, isAsync: True, time: 0.00
[Licensing::Client] Successfully resolved entitlement details
[Licensing::Module] Licensing Background thread has ended after 0.05s

COMMAND LINE ARGUMENTS:
C:\Program Files\Unity\Hub\Editor\6000.6.0f1\Editor\Unity.exe
-projectpath
C:\Users\infon\game
-acceptSoftwareTermsForThisRunOnly
-useHub
-hubIPC
-cloudEnvironment
production
-licensingIpc
LicenseClient-infon
-hubSessionId
2c8646fb-ec45-480f-bc91-2b3e45e35998
-accessToken
9TLNT-PowGGMNwaPYeskaJYMZcCSiIN_LRjmV-RlwGg008f
Successfully changed project path to: C:\Users\infon\game
C:/Users/infon/game
[UnityMemory] Configuration Parameters - Can be set up in boot.config
    "memorysetup-temp-allocator-size-gi-baking-worker=262144"
    "memorysetup-temp-allocator-size-gi-baking-worker=262144"
    "memorysetup-temp-allocator-size-gi-baking-worker=262144"
    "memorysetup-temp-allocator-size-gi-baking-worker=262144"
    "memorysetup-temp-allocator-size-gi-baking-worker=262144"
    "memorysetup-temp-allocator-size-nav-mesh-worker=65536"
    "memorysetup-temp-allocator-size-audio-worker=65536"
    "memorysetup-temp-allocator-size-cloud-worker=32768"
    "memorysetup-temp-allocator-size-gfx=262144"
    "memorysetup-remapper-allocator-initial-capacity=32768"
    "memorysetup-temp-allocator-size-preload-manager=33554432"
    "memorysetup-allocator-temp-initial-block-size-main=262144"
    "memorysetup-allocator-temp-initial-block-size-worker=262144"
    "memorysetup-temp-allocator-size-job-worker=262144"
    "memorysetup-temp-allocator-size-background-worker=32768"
    "memorysetup-bucket-allocator-granularity=16"
    "memorysetup-bucket-allocator-bucket-count=8"
    "memorysetup-bucket-allocator-block-size=33554432"
    "memorysetup-bucket-allocator-block-count=8"
    "memorysetup-main-allocator-block-size=16777216"
    "memorysetup-thread-allocator-block-size=16777216"
    "memorysetup-main-allocator-mimalloc-enabled=1"
    "memorysetup-gfx-main-allocator-block-size=16777216"
    "memorysetup-gfx-thread-allocator-block-size=16777216"
    "memorysetup-cache-allocator-block-size=4194304"
    "memorysetup-typetree-allocator-block-size=2097152"
    "memorysetup-profiler-bucket-allocator-granularity=16"
    "memorysetup-profiler-bucket-allocator-bucket-count=8"
    "memorysetup-profiler-bucket-allocator-block-size=33554432"
    "memorysetup-profiler-bucket-allocator-block-count=8"
    "memorysetup-profiler-allocator-block-size=16777216"
    "memorysetup-profiler-editor-allocator-block-size=1048576"
    "memorysetup-temp-allocator-size-main=16777216"
    "memorysetup-job-temp-allocator-block-size=2097152"
    "memorysetup-job-temp-allocator-block-size-background=1048576"
    "memorysetup-job-temp-allocator-reduction-small-platforms=262144"
Player connection [14688]  Target information:

Player connection [14688]  * "[IP] 192.168.0.51 [Port] 55504 [Flags] 2 [Guid] 4053057896 [EditorId] 4053057896 [Version] 1048832 [Id] WindowsEditor(7,admin) [Debug] 1 [PackageName] WindowsEditor [ProjectName] Editor" 

Player connection [14688] Host joined multi-casting on [225.0.0.222:54997]...
Player connection [14688] Host joined alternative multi-casting on [225.0.0.222:34997]...
Input System module state changed to: Initialized.
[Physics::Module] Initialized fallback backend.
[Physics::Module] Id: 0xdecafbad
[Package Manager] Connected to IPC stream "Upm-25332" after 0.3 seconds.
[Licensing::Client] Successfully resolved entitlement details
Library Redirect Path: Library/
Initialising UDS system complete:
  - System type: Client
  - Resource namespace: 63c88d4e0c27e67db6add2ca1aa6b22f
  - Shared memory size: 1073741824
  - Command buffer id: 1052576
  - Command buffer size: 8192
  - Hashmap size: 4194304
  - Service connected: false
Launching Unity Data Store - C:/Program Files/Unity/Hub/Editor/6000.6.0f1/Editor/Data/Tools/Unity.DataStore.exe 
Unity Data Store artifact dir = Library/DataStore, working dir = C:/Users/infon/game[Physics::Module] Selected backend.
[Physics::Module] Name: PhysX
[Physics::Module] Id: 0xf2b8ea05
[Physics::Module] SDK Version: 4.1.2
[Physics::Module] Integration Version: 1.0.0
[Physics::Module] Threading Mode: Multi-Threaded
Unity Data Store running and initialised
Initialize engine version: 6000.6.0f1 (f7f8ed4d1e24)
[EntityIdStore] init: VM path (explicit commit), pageSize=4096, blockCount=1048576, entitiesPerBlock=256, slots reserved=4294967296 bytes
[Subsystems] Discovering subsystems at path C:/Program Files/Unity/Hub/Editor/6000.6.0f1/Editor/Data/Resources/UnitySubsystems
[Subsystems] Discovering subsystems at path C:/Users/infon/game/Assets
[D3D12 Device Filter] Vendor Name: NVIDIA
[D3D12 Device Filter] Device Name: NVIDIA GeForce RTX 4060 Ti
[D3D12 Device Filter] Driver Version: 32.0.15.9186
[D3D12 Device Filter] Feature Level: 12.2
[D3D12 Device Filter] Graphics Memory: 16109 MB
[D3D12 Device Filter] Processor Count: 48
[D3D12 Device Filter] Device Type: Discrete
GfxDevice: creating device client; kGfxThreadingModeSplitJobs
d3d12: failed to query info queue interface (0x80004002).
Direct3D:
    Version:         Direct3D 12 [level 12.2]
    Renderer:        NVIDIA GeForce RTX 4060 Ti (ID=0x2803)
    Vendor:          NVIDIA
    VRAM:            16109 MB
    App VRAM Budget: 15341 MB
    Driver:          32.0.15.9186
Initialize mono
Mono path[0] = 'C:/Program Files/Unity/Hub/Editor/6000.6.0f1/Editor/Data/Managed'
Mono path[1] = 'C:/Program Files/Unity/Hub/Editor/6000.6.0f1/Editor/Data/BCLExtensions/runtime/netstandard2.1'
Mono path[2] = 'C:/Program Files/Unity/Hub/Editor/6000.6.0f1/Editor/Data/MonoBleedingEdge/lib/mono/unityjit-win32'
Mono config path = 'C:/Program Files/Unity/Hub/Editor/6000.6.0f1/Editor/Data/MonoBleedingEdge/etc'
Using monoOptions --debugger-agent=transport=dt_socket,embedding=1,server=y,suspend=n,address=127.0.0.1:56332
CodeReloadManager initialized
ImportWorker Server TCP listen port: 0
AcceleratorClientConnectionCallback - disconnected - :0
Begin MonoManager ReloadAssembly
Registering precompiled unity dll's ...
Register platform support module: C:/Program Files/Unity/Hub/Editor/6000.6.0f1/Editor/Data/PlaybackEngines/WebGLSupport/UnityEditor.WebGL.Extensions.dll
Register platform support module: C:/Program Files/Unity/Hub/Editor/6000.6.0f1/Editor/Data/PlaybackEngines/WindowsStandaloneSupport/UnityEditor.WindowsStandalone.Extensions.dll
Registered in 0.005056 seconds.
Native extension for WindowsStandalone target not found
Native extension for WebGL target not found
Package Manager log level set to [2]
ScheduleIndexationOnStartup MainProcess:False IndexOnStartup:True
Scripting: successfully reloaded assembly
- Finished resetting the current domain, in  1.087 seconds
Domain Reload Profiling: 1856ms
	BeginReloadAssembly (188ms)
		CreateAndSetChildDomain (18ms)
	RebuildCommonClasses (7ms)
	RebuildNativeTypeToScriptingClass (24ms)
	initialDomainReloadingComplete (106ms)
	LoadAllAssembliesAndSetupDomain (443ms)
		LoadAssemblies (164ms)
		TypeCache.Refresh (314ms)
			TypeCache.ScanAssembly (294ms)
		AnalyzeDomain (1ms)
	FinalizeReload (1089ms)
		SetupLoadedEditorAssemblies (0ms)
			InitializePlatformSupportModulesInManaged (4ms)
			BeforeProcessingInitializeOnLoad (151ms)
			ProcessInitializeOnLoadAttributes (173ms)
			ProcessInitializeOnLoadMethodAttributes (384ms)
[Licensing::Client] Successfully resolved entitlement details
Application.AssetDatabase Initial Refresh Start
[Package Manager] Restoring resolved packages state from cache
[Licensing::Client] Successfully resolved entitlement details
[Package Manager] Registered 71 packages:
  Packages from [https://packages.unity.com]:
    com.unity.2d.animation@16.0.0 (location: C:\Users\infon\game\Library\PackageCache\com.unity.2d.animation@147f6a6d9e7f)
    com.unity.2d.aseprite@6.0.0 (location: C:\Users\infon\game\Library\PackageCache\com.unity.2d.aseprite@ab909e3e9b5f)
    com.unity.2d.psdimporter@15.0.0 (location: C:\Users\infon\game\Library\PackageCache\com.unity.2d.psdimporter@3ef8178676f6)
    com.unity.2d.spriteshape@16.0.0 (location: C:\Users\infon\game\Library\PackageCache\com.unity.2d.spriteshape@42798c9d35d3)
    com.unity.2d.tilemap.extras@9.0.0 (location: C:\Users\infon\game\Library\PackageCache\com.unity.2d.tilemap.extras@598e8b65eaae)
    com.unity.2d.tooling@4.0.0 (location: C:\Users\infon\game\Library\PackageCache\com.unity.2d.tooling@92c2769ac09c)
    com.unity.collab-proxy@2.13.6 (location: C:\Users\infon\game\Library\PackageCache\com.unity.collab-proxy@4628d2ba6ea4)
    com.unity.ide.rider@3.0.38 (location: C:\Users\infon\game\Library\PackageCache\com.unity.ide.rider@1f60b3138684)
    com.unity.ide.visualstudio@2.0.26 (location: C:\Users\infon\game\Library\PackageCache\com.unity.ide.visualstudio@a99d56dec63f)
    com.unity.inputsystem@1.20.0 (location: C:\Users\infon\game\Library\PackageCache\com.unity.inputsystem@7a4e1a2a8194)
    com.unity.learn.iet-framework@6.0.7 (location: C:\Users\infon\game\Library\PackageCache\com.unity.learn.iet-framework@96330db47073)
    com.unity.visualscripting@1.9.12 (location: C:\Users\infon\game\Library\PackageCache\com.unity.visualscripting@4edfcc09512f)
    com.unity.settings-manager@2.1.1 (location: C:\Users\infon\game\Library\PackageCache\com.unity.settings-manager@0b8638c5ce86)
    com.unity.2d.common@15.0.0 (location: C:\Users\infon\game\Library\PackageCache\com.unity.2d.common@b779c433ed47)
    com.unity.searcher@4.9.5 (location: C:\Users\infon\game\Library\PackageCache\com.unity.searcher@a463122f2c00)
    com.unity.profiling.core@1.0.3 (location: C:\Users\infon\game\Library\PackageCache\com.unity.profiling.core@8a49f7027d06)
    com.unity.nuget.mono-cecil@1.11.6 (location: C:\Users\infon\game\Library\PackageCache\com.unity.nuget.mono-cecil@ecb9724e46ff)
  Built-in packages:
    com.unity.2d.sprite@1.0.0 (location: C:\Users\infon\game\Library\PackageCache\com.unity.2d.sprite@947350d67f82)
    com.unity.2d.tilemap@1.0.0 (location: C:\Users\infon\game\Library\PackageCache\com.unity.2d.tilemap@639ca1d99254)
    com.unity.render-pipelines.universal@17.6.0 (location: C:\Users\infon\game\Library\PackageCache\com.unity.render-pipelines.universal@8457e85b8184)
    com.unity.test-framework@1.8.0 (location: C:\Users\infon\game\Library\PackageCache\com.unity.test-framework@7a3849e09bd0)
    com.unity.timeline@6.6.0 (location: C:\Users\infon\game\Library\PackageCache\com.unity.timeline@281d5f7e7d7d)
    com.unity.ugui@2.6.0 (location: C:\Users\infon\game\Library\PackageCache\com.unity.ugui@23caec89ae27)
    com.unity.modules.accessibility@1.0.0 (location: C:\Users\infon\game\Library\PackageCache\com.unity.modules.accessibility)
    com.unity.modules.adaptiveperformance@1.0.0 (location: C:\Users\infon\game\Library\PackageCache\com.unity.modules.adaptiveperformance)
    com.unity.modules.ai@1.0.0 (location: C:\Users\infon\game\Library\PackageCache\com.unity.modules.ai)
    com.unity.modules.androidjni@1.0.0 (location: C:\Users\infon\game\Library\PackageCache\com.unity.modules.androidjni)
    com.unity.modules.animation@1.0.0 (location: C:\Users\infon\game\Library\PackageCache\com.unity.modules.animation)
    com.unity.modules.assetbundle@1.0.0 (location: C:\Users\infon\game\Library\PackageCache\com.unity.modules.assetbundle)
    com.unity.modules.audio@1.0.0 (location: C:\Users\infon\game\Library\PackageCache\com.unity.modules.audio)
    com.unity.modules.cloth@1.0.0 (location: C:\Users\infon\game\Library\PackageCache\com.unity.modules.cloth)
    com.unity.modules.director@1.0.0 (location: C:\Users\infon\game\Library\PackageCache\com.unity.modules.director)
    com.unity.modules.imageconversion@1.0.0 (location: C:\Users\infon\game\Library\PackageCache\com.unity.modules.imageconversion)
    com.unity.modules.imgui@1.0.0 (location: C:\Users\infon\game\Library\PackageCache\com.unity.modules.imgui)
    com.unity.modules.jsonserialize@1.0.0 (location: C:\Users\infon\game\Library\PackageCache\com.unity.modules.jsonserialize)
    com.unity.modules.particlesystem@1.0.0 (location: C:\Users\infon\game\Library\PackageCache\com.unity.modules.particlesystem)
    com.unity.modules.physics@1.0.0 (location: C:\Users\infon\game\Library\PackageCache\com.unity.modules.physics)
    com.unity.modules.physics2d@1.0.0 (location: C:\Users\infon\game\Library\PackageCache\com.unity.modules.physics2d)
    com.unity.modules.physicscore2d@1.0.0 (location: C:\Users\infon\game\Library\PackageCache\com.unity.modules.physicscore2d)
    com.unity.modules.screencapture@1.0.0 (location: C:\Users\infon\game\Library\PackageCache\com.unity.modules.screencapture)
    com.unity.modules.terrain@1.0.0 (location: C:\Users\infon\game\Library\PackageCache\com.unity.modules.terrain)
    com.unity.modules.terrainphysics@1.0.0 (location: C:\Users\infon\game\Library\PackageCache\com.unity.modules.terrainphysics)
    com.unity.modules.tetgen@1.0.0 (location: C:\Users\infon\game\Library\PackageCache\com.unity.modules.tetgen)
    com.unity.modules.tilemap@1.0.0 (location: C:\Users\infon\game\Library\PackageCache\com.unity.modules.tilemap)
    com.unity.modules.timelinefoundation@1.0.0 (location: C:\Users\infon\game\Library\PackageCache\com.unity.modules.timelinefoundation)
    com.unity.modules.ui@1.0.0 (location: C:\Users\infon\game\Library\PackageCache\com.unity.modules.ui)
    com.unity.modules.uielements@1.0.0 (location: C:\Users\infon\game\Library\PackageCache\com.unity.modules.uielements)
    com.unity.modules.umbra@1.0.0 (location: C:\Users\infon\game\Library\PackageCache\com.unity.modules.umbra)
    com.unity.modules.unityanalytics@1.0.0 (location: C:\Users\infon\game\Library\PackageCache\com.unity.modules.unityanalytics)
    com.unity.modules.unitywebrequest@1.0.0 (location: C:\Users\infon\game\Library\PackageCache\com.unity.modules.unitywebrequest)
    com.unity.modules.unitywebrequestassetbundle@1.0.0 (location: C:\Users\infon\game\Library\PackageCache\com.unity.modules.unitywebrequestassetbundle)
    com.unity.modules.unitywebrequestaudio@1.0.0 (location: C:\Users\infon\game\Library\PackageCache\com.unity.modules.unitywebrequestaudio)
    com.unity.modules.unitywebrequesttexture@1.0.0 (location: C:\Users\infon\game\Library\PackageCache\com.unity.modules.unitywebrequesttexture)
    com.unity.modules.unitywebrequestwww@1.0.0 (location: C:\Users\infon\game\Library\PackageCache\com.unity.modules.unitywebrequestwww)
    com.unity.modules.vectorgraphics@1.0.0 (location: C:\Users\infon\game\Library\PackageCache\com.unity.modules.vectorgraphics)
    com.unity.modules.vehicles@1.0.0 (location: C:\Users\infon\game\Library\PackageCache\com.unity.modules.vehicles)
    com.unity.modules.video@1.0.0 (location: C:\Users\infon\game\Library\PackageCache\com.unity.modules.video)
    com.unity.modules.wind@1.0.0 (location: C:\Users\infon\game\Library\PackageCache\com.unity.modules.wind)
    com.unity.modules.xr@1.0.0 (location: C:\Users\infon\game\Library\PackageCache\com.unity.modules.xr)
    com.unity.modules.subsystems@1.0.0 (location: C:\Users\infon\game\Library\PackageCache\com.unity.modules.subsystems)
    com.unity.modules.hierarchycore@1.0.0 (location: C:\Users\infon\game\Library\PackageCache\com.unity.modules.hierarchycore)
    com.unity.ext.nunit@2.1.0 (location: C:\Users\infon\game\Library\PackageCache\com.unity.ext.nunit@0198eae3b53e)
    com.unity.render-pipelines.core@17.6.0 (location: C:\Users\infon\game\Library\PackageCache\com.unity.render-pipelines.core@2d66c71e606e)
    com.unity.shadergraph@17.6.0 (location: C:\Users\infon\game\Library\PackageCache\com.unity.shadergraph@ef6135652377)
    com.unity.render-pipelines.universal-config@17.6.0 (location: C:\Users\infon\game\Library\PackageCache\com.unity.render-pipelines.universal-config@561422b74439)
    com.unity.editorcoroutines@6.6.0 (location: C:\Users\infon\game\Library\PackageCache\com.unity.editorcoroutines@8cd72baa102a)
    com.unity.mathematics@1.4.0 (location: C:\Users\infon\game\Library\PackageCache\com.unity.mathematics@8306a64d0cd6)
    com.unity.collections@6.6.0 (location: C:\Users\infon\game\Library\PackageCache\com.unity.collections@10fff0607388)
    com.unity.graph-authoring@1.0.0 (location: C:\Users\infon\game\Library\PackageCache\com.unity.graph-authoring@cfd2588851ee)
    com.unity.burst@2.0.0 (location: C:\Users\infon\game\Library\PackageCache\com.unity.burst@626e66ab421b)
    com.unity.test-framework.performance@6.6.0 (location: C:\Users\infon\game\Library\PackageCache\com.unity.test-framework.performance@0a60b857a52e)
[Subsystems] No new subsystems found in resolved package list.
[Package Manager] Done registering packages in 0.03 seconds
Starting: C:\Program Files\Unity\Hub\Editor\6000.6.0f1\Editor\Data\Tools\BuildPipeline\bee_backend.exe --ipc --defer-dag-verification --dagfile="Library/Bee/1900b0aE.dag" --continue-on-failure --profile="Library/Bee/backend1.traceevents" ScriptAssemblies
WorkingDir: C:/Users/infon/game
warn: Unity.ILPP.Runner.PostProcessingAssemblyLoadContext[0]
      Assembly system.runtime.interopservices.windowsruntime has duplicate hint path. Ignoring "C:\Program Files\Unity\Hub\Editor\6000.6.0f1\Editor\Data\UnityReferenceAssemblies\unity-4.8-api\Facades\System.Runtime.InteropServices.WindowsRuntime.dll" in favor of "C:\Program Files\Unity\Hub\Editor\6000.6.0f1\Editor\Data\NetStandard\Extensions\2.0.0\System.Runtime.InteropServices.WindowsRuntime.dll"
warn: Unity.ILPP.Runner.PostProcessingAssemblyLoadContext[0]
      Assembly system.componentmodel.composition has duplicate hint path. Ignoring "C:\Program Files\Unity\Hub\Editor\6000.6.0f1\Editor\Data\UnityReferenceAssemblies\unity-4.8-api\System.ComponentModel.Composition.dll" in favor of "C:\Program Files\Unity\Hub\Editor\6000.6.0f1\Editor\Data\NetStandard\compat\2.1.0\shims\netfx\System.ComponentModel.Composition.dll"
ExitCode: 0 Duration: 0s644ms
[ 971/1266  0s] ILPP-Configuration Library/ilpp-configuration.nevergeneratedoutput
*** Tundra build success (0.55 seconds), 1 items updated, 1266 evaluated
AssetDatabase: script compilation time: 1.397831s
Total cache size 75250908
Total cache size after purge 75250908, took 00:00:00.2298006
Begin MonoManager ReloadAssembly
'Packages/com.unity.render-pipelines.core/Editor/Deprecated.cs' contains partial class of Unity.Object, exactly 1 of the partial classes needs to be in a file with the same filename. This is to know the one that can be referenced from ie. GameObjects
'Packages/com.unity.render-pipelines.core/Editor/Deprecated.cs' contains partial class of Unity.Object, exactly 1 of the partial classes needs to be in a file with the same filename. This is to know the one that can be referenced from ie. GameObjects
Refreshing native plugins compatible for Editor in 5.41 ms, found 5 plugins.
Native extension for WindowsStandalone target not found
Native extension for WebGL target not found
ScheduleIndexationOnStartup MainProcess:True IndexOnStartup:True
Scripting: successfully reloaded assembly
- Finished resetting the current domain, in  1.261 seconds
Domain Reload Profiling: 2648ms
	BeginReloadAssembly (322ms)
		DisableScriptedObjects (36ms)
		CreateAndSetChildDomain (67ms)
	RebuildCommonClasses (12ms)
	RebuildNativeTypeToScriptingClass (21ms)
	initialDomainReloadingComplete (98ms)
	LoadAllAssembliesAndSetupDomain (933ms)
		LoadAssemblies (540ms)
		TypeCache.Refresh (236ms)
			TypeCache.ScanAssembly (219ms)
		AnalyzeDomain (104ms)
			BuildScriptInfoCaches (92ms)
			ResolveRequiredComponents (10ms)
	FinalizeReload (1263ms)
		SetupLoadedEditorAssemblies (0ms)
			BeforeProcessingInitializeOnLoad (135ms)
			ProcessInitializeOnLoadAttributes (393ms)
			ProcessInitializeOnLoadMethodAttributes (375ms)
			AfterProcessingInitializeOnLoad (11ms)
		AwakeInstancesAfterBackupRestoration (48ms)
Starting new worker id: 0 with log in C:/Users/infon/game/Logs/AssetImportWorkerHW0.log

Asset Pipeline Refresh (id=14583d113258a0b45aa311c69fd65a5a): Total: 5.193 seconds - Initiated by InitialRefreshV2(ForceSynchronousImport)
	(Values over 0.05ms)
	Summary:
		Imports: total=0 (actual=0, local cache=0, cache server=0)
		Asset DB Process Time: managed=0 ms, native=2100 ms
		Asset DB Callback time: managed=43 ms, native=35 ms
		Scripting: domain reloads=1, domain reload time=1506 ms, compile time=1401 ms, other=105 ms
		Project Asset Count: scripts=1681, non-scripts=3284
		Asset File Changes: new=0, changed=0, moved=0, deleted=0
		Scan Filter Count: 0
	InvokePackagesCallback: 38.116ms
	ApplyChangesToAssetFolders: 1.016ms
	Scan: 258.312ms
	Collect global state as custom dependencies: 26.223ms
	CategorizeScriptCompilationAssets: 73.079ms
	ProcessAssetsWithTransientArtifactChanges: 119.332ms
	CategorizeAssets: 88.293ms
	CompileScripts: 1401.070ms
	ImportOutOfDateAssets: 1301.753ms (1279.100ms without children)
		ReloadNativeAssets: 0.059ms
		UnloadImportedAssets: 0.898ms
		EnsureUptoDateAssetsAreRegisteredWithGuidPM: 0.911ms
		ImportSchedulerStart: 20.781ms
	PostProcessAllAssets: 43.717ms
		MonoPostProcessAllAssets: 43.620ms
			UniversalRenderPipelineGlobalSettingsPostprocessor.OnPostprocessAllAssets 19.240ms
			SyncVS.PostprocessSyncProject 4.777ms
			WindowAssetPostprocessingWatcher.OnPostprocessAllAssets 2.196ms
			SpeedTree9Postprocessor.OnPostprocessAllAssets 2.090ms
			EditModeScopePostprocessor.OnPostprocessAllAssets 1.071ms
			RenderPipelineGlobalSettingsPostprocessor.OnPostprocessAllAssets 0.986ms
			ShaderReflectionAssetPostProcessor.OnPostprocessAllAssets 0.621ms
			InputActionAssetPostprocessor.OnPostprocessAllAssets 0.381ms
			ReferencedClipsPostProcessor.OnPostprocessAllAssets 0.329ms
			TerrainToolbarOverlayPostProcessor.OnPostprocessAllAssets 0.232ms
			ProjectSettingsPostprocessor.OnPostprocessAllAssets 0.216ms
			AssetDatabaseCallbacks.OnPostprocessAllAssets 0.211ms
	UnloadStreamsBegin: 2.616ms
	PersistCurrentRevisions: 0.126ms
	GenerateScriptTypeHashes: 2.195ms
	GenerateScriptTypeSerializationHashes: 3.940ms
	Untracked: 1830.956ms

Application.AssetDatabase Initial Refresh End
Launched and connected shader compiler UnityShaderCompiler.exe after 0.02 seconds
Scanning for USB devices : 12.587ms
Initializing Unity extensions:
Worker ready: AssetImportWorkerHW0 0
[MODES] ModeService[none].Initialize
[MODES] ModeService[none].LoadModes
[MODES] Loading mode Default (0) for mode-current-id-game
Unloading 26 Unused Serialized files (Serialized files now loaded: 0)
Loaded scene 'Assets/Scenes/SampleScene.unity'
	Deserialize:            5.415 ms
	Integration:            21.012 ms
	Integration of assets:  0.002 ms
	Thread Wait Time:       0.024 ms
	Total Operation Time:   26.453 ms
Unloading 7524 unused Assets / (8.4 MB). Loaded Objects now: 8541.
Memory consumption went from 447.8 MB to 439.4 MB.
Total: 16.677100 ms (FindLiveObjects: 0.787200 ms CreateObjectMapping: 0.317100 ms MarkObjects: 9.568600 ms  DeleteObjects: 5.757700 ms)

[LAYOUT] About to load UserSettings\Layouts\default-6000.dwlt, keepMainWindow=False
[LAYOUT] About to save layout C:\Users\infon\game\UserSettings\Layouts\default-6000.dwlt
[LAYOUT] About to save layout C:/Users/infon/AppData/Roaming/Unity/Editor-5.x/Preferences\Layouts\current\default-6000.dwlt
[MODES] ModeService[default].InitializeCurrentMode
[MODES] ModeService[default].RaiseModeChanged(default, default)
<RI> Initializing input.
Using Windows.Gaming.Input
[Project] Loading completed in 16.482 seconds
	Project init time: 				14.472 seconds
		Template init time: 		0.000 seconds
		Package Manager init time: 		0.262 seconds
		Asset Database init time: 		0.597 seconds
		Global illumination init time: 	0.005 seconds
		Assemblies load time: 			1.929 seconds
		Unity extensions init time: 	0.052 seconds
		Asset Database refresh time: 	5.193 seconds
	Scene opening time: 			1.778 seconds
##utp:{"type":"ProjectInfo","version":2,"phase":"Immediate","time":1788720982939,"processId":25332,"projectLoad":16.481979,"projectInit":14.4721515,"templateInit":0.0,"packageManagerInit":0.2623834,"assetDatabaseInit":0.5966804,"globalIlluminationInit":0.0046214,"assembliesLoad":1.9293633,"unityExtensionsInit":0.0523976,"assetDatabaseRefresh":5.193489,"sceneOpening":1.777819}
##utp:{"type":"EditorInfo","version":2,"phase":"Immediate","time":1788720982939,"processId":25332,"editorVersion":"6000.6.0f1 (f7f8ed4d1e24)","branch":"6000.6/respin/6000.6.0f1-fa21a270ab12","buildType":"Release","platform":"Windows"}
Asset Pipeline Refresh (id=922bf2e0d23872a4cb52c0736ac70538): Total: 0.096 seconds - Initiated by RefreshV2(AllowForceSynchronousImport)
Start Indexing on Editor startup
[Indexing] Starting Initial Indexing for Assets
Reloading assemblies due to reload request.
Reloading assemblies after forced synchronous recompile.
Begin MonoManager ReloadAssembly
'Packages/com.unity.render-pipelines.core/Editor/Deprecated.cs' contains partial class of Unity.Object, exactly 1 of the partial classes needs to be in a file with the same filename. This is to know the one that can be referenced from ie. GameObjects
'Packages/com.unity.render-pipelines.core/Editor/Deprecated.cs' contains partial class of Unity.Object, exactly 1 of the partial classes needs to be in a file with the same filename. This is to know the one that can be referenced from ie. GameObjects
Refreshing native plugins compatible for Editor in 3.43 ms, found 5 plugins.
Native extension for WindowsStandalone target not found
Native extension for WebGL target not found
[MODES] ModeService[none].Initialize
[MODES] ModeService[none].LoadModes
ScheduleIndexationOnStartup MainProcess:True IndexOnStartup:True
Scripting: successfully reloaded assembly
- Finished resetting the current domain, in  2.248 seconds
Domain Reload Profiling: 4054ms
	BeginReloadAssembly (1379ms)
		DisableScriptedObjects (141ms)
		CreateAndSetChildDomain (302ms)
	RebuildCommonClasses (12ms)
	RebuildNativeTypeToScriptingClass (21ms)
	initialDomainReloadingComplete (92ms)
	LoadAllAssembliesAndSetupDomain (301ms)
		LoadAssemblies (185ms)
		TypeCache.Refresh (9ms)
		AnalyzeDomain (33ms)
			ResolveRequiredComponents (29ms)
	FinalizeReload (2249ms)
		SetupLoadedEditorAssemblies (0ms)
			BeforeProcessingInitializeOnLoad (286ms)
			ProcessInitializeOnLoadAttributes (436ms)
			ProcessInitializeOnLoadMethodAttributes (195ms)
			AfterProcessingInitializeOnLoad (10ms)
		AwakeInstancesAfterBackupRestoration (789ms)
No restricted APIs configured; Validation skipped.
Checking 18 assemblies for restricted APIs found 0 usage(s) in 4 ms
Refreshing native plugins compatible for Editor in 3.62 ms, found 5 plugins.

Asset Pipeline Refresh (id=157e2b2cfe5276f44a016cf65991b175): Total: 6.228 seconds - Initiated by StopAssetImportingV2(ForceSynchronousImport | ForceDomainReload)
	(Values over 0.05ms)
	Summary:
		Imports: total=0 (actual=0, local cache=0, cache server=0)
		Asset DB Process Time: managed=0 ms, native=2663 ms
		Asset DB Callback time: managed=1162 ms, native=498 ms
		Scripting: domain reloads=1, domain reload time=1900 ms, compile time=3 ms, other=0 ms
		Project Asset Count: scripts=1681, non-scripts=3284
		Asset File Changes: new=0, changed=0, moved=0, deleted=0
		Scan Filter Count: 0
	InvokePackagesCallback: 2.755ms
	ApplyChangesToAssetFolders: 0.410ms
	Collect global state as custom dependencies: 4.764ms
	ProcessAssetsWithTransientArtifactChanges: 253.758ms
	CategorizeAssets: 88.198ms
	CompileScripts: 2.612ms
	ImportOutOfDateAssets: 2267.108ms (2261.843ms without children)
		CollectScriptTypesHashes: 2.106ms
		ReloadNativeAssets: 1.443ms
		UnloadImportedAssets: 2.163ms
		EnsureUptoDateAssetsAreRegisteredWithGuidPM: 1.160ms
		ImportSchedulerStart: 0.467ms
	PostProcessAllAssets: 1651.300ms
		AssemblyValidation.PostprocessAllAssets 23.627ms
		PostProcessCallbackCreateDeferredMaterials 23.261ms
		SpriteAtlasDatabase.OnAssetPostprocessCallback 22.343ms
		ShaderAssetModifiedCallback 13.975ms
		ComputeShaderImportPostprocess 13.540ms
		RaytracingShaderImportPostprocess 13.279ms
		SpeedTreeImporter.PostprocessAllAssets 10.793ms
		BlockShaderImporter.PostprocessAllAssets 4.957ms
		LocalizationDatabase.AssetDatabasePostprocessCallback 4.874ms
		XRBuildSystem.XRAssetImported 0.891ms
		MonoPostProcessAllAssets: 1159.605ms
			SyncVS.PostprocessSyncProject 379.019ms
			ShaderGraphAssetPostProcessor.OnPostprocessAllAssets 252.964ms
			AssetPostprocessor.OnPostprocessAllAssets 86.040ms
			PostProcessor.OnPostprocessAllAssets 66.332ms
			MaterialPostprocessor.OnPostprocessAllAssets 46.372ms
			InputActionAssetPostprocessor.OnPostprocessAllAssets 46.049ms
			InputActionJsonNameModifierAssetProcessor.OnPostprocessAllAssets 45.973ms
			AssetChangedListener.OnPostprocessAllAssets 45.755ms
			TextAssetPostProcessor.OnPostprocessAllAssets 37.349ms
			SpriteSlicePostprocessor.OnPostprocessAllAssets 29.095ms
			UniversalRenderPipelineGlobalSettingsPostprocessor.OnPostprocessAllAssets 17.208ms
			BuilderAssetPostprocessor.OnPostprocessAllAssets 7.766ms
			SpeedTree9Postprocessor.OnPostprocessAllAssets 7.039ms
			RenderPipelineGlobalSettingsPostprocessor.OnPostprocessAllAssets 6.783ms
			RetainedModeAssetPostprocessor.OnPostprocessAllAssets 2.622ms
			WindowAssetPostprocessingWatcher.OnPostprocessAllAssets 1.936ms
			ProjectSettingsPostprocessor.OnPostprocessAllAssets 1.322ms
			TMPro_TexturePostProcessor.OnPostprocessAllAssets 1.236ms
			EditModeScopePostprocessor.OnPostprocessAllAssets 1.012ms
			SpriteEditorTexturePostprocessor.OnPostprocessAllAssets 0.801ms
			ThemePostprocessor.OnPostprocessAllAssets 0.788ms
			SpeedTreePostProcessor.OnPostprocessAllAssets 0.775ms
			SpriteShapeAssetPostProcessor.OnPostprocessAllAssets 0.732ms
			ArtifactBrowserPostProcessor.OnPostprocessAllAssets 0.619ms
			StyleCatalogPostProcessor.OnPostprocessAllAssets 0.598ms
			ShaderReflectionAssetPostProcessor.OnPostprocessAllAssets 0.583ms
			AudioMixerPostprocessor.OnPostprocessAllAssets 0.476ms
			UVCSAssetPostprocessor.OnPostprocessAllAssets 0.424ms
			ReferencedClipsPostProcessor.OnPostprocessAllAssets 0.321ms
			AssetProcessor.OnPostprocessAllAssets 0.310ms
			AssetEvents.OnPostprocessAllAssets 0.274ms
			SpriteLibraryAssetPostprocessor.OnPostprocessAllAssets 0.243ms
			TerrainToolbarOverlayPostProcessor.OnPostprocessAllAssets 0.189ms
			SamplePostprocessor.OnPostprocessAllAssets 0.175ms
			PSDImportPostProcessor.OnPostprocessAllAssets 0.173ms
			AssetDatabaseCallbacks.OnPostprocessAllAssets 0.156ms
			ConfigAssetsTracker.OnPostprocessAllAssets 0.149ms
			ScenarioDriftAssetsTracker.OnPostprocessAllAssets 0.127ms
			AssetReloadNotifier.OnPostprocessAllAssets 0.118ms
			PSDImporterAssetPostProcessor.OnPostprocessAllAssets 0.110ms
			AudioContainerPostProcessor.OnPostprocessAllAssets 0.097ms
	PostAssetChangesProfiler: 8.948ms
	GatherAllCurrentPrimaryImportResultRevisions: 0.251ms
	UnloadStreamsBegin: 1.986ms
	PersistCurrentRevisions: 0.126ms
	GenerateScriptTypeHashes: 4.544ms
	GenerateScriptTypeSerializationHashes: 7.995ms
	Untracked: 1938.762ms

Created GICache directory at C:/Users/infon/AppData/LocalLow/Unity/Caches/GiCache. Took: 0.027s, timestamps: [17.712 - 17.740]
[Licensing::Client] Successfully resolved entitlement details
[Licensing::Client] Successfully resolved entitlement details
[Licensing::Client] Successfully updated the access token
[Licensing::Module] Successfully updated access token: "9TLNT-Po"... (expires: 2026-09-06T20:43:51Z)
[Licensing::Client] Successfully resolved entitlement details
[Licensing::Client] Successfully resolved entitlement details
UPID Received '87c76f71-6dd4-4311-8ff4-0c90b810dca2'.
[Licensing::Client] Successfully resolved entitlement details
SpriteAtlasPacking completed in 0.006413 sec
Entering Playmode with Reload Domain disabled.
If you experience any issues, please disable "Enter Play Mode Options" in Editor Settings
Loaded scene 'Temp/__Backupscenes/0.backup'
	Deserialize:            2.200 ms
	Integration:            526.201 ms
	Integration of assets:  0.003 ms
	Thread Wait Time:       0.013 ms
	Total Operation Time:   528.417 ms
Unloading 47 Unused Serialized files (Serialized files now loaded: 0)
Loaded scene 'Temp/__Backupscenes/0.backup'
	Deserialize:            1.212 ms
	Integration:            32.361 ms
	Integration of assets:  0.003 ms
	Thread Wait Time:       0.043 ms
	Total Operation Time:   33.619 ms
Unloading 6785 unused Assets / (2.4 MB). Loaded Objects now: 9615.
Memory consumption went from 0.67 GB to 0.67 GB.
Total: 39.197000 ms (FindLiveObjects: 2.533000 ms CreateObjectMapping: 0.557200 ms MarkObjects: 31.388500 ms  DeleteObjects: 4.471100 ms)

SpriteAtlasPacking completed in 0.007102 sec
Entering Playmode with Reload Domain disabled.
If you experience any issues, please disable "Enter Play Mode Options" in Editor Settings
Loaded scene 'Temp/__Backupscenes/0.backup'
	Deserialize:            0.789 ms
	Integration:            34.711 ms
	Integration of assets:  0.002 ms
	Thread Wait Time:       0.019 ms
	Total Operation Time:   35.521 ms
TrimDiskCacheJob: Current cache size 0mb
Unloading 3 Unused Serialized files (Serialized files now loaded: 0)
Loaded scene 'Temp/__Backupscenes/0.backup'
	Deserialize:            0.515 ms
	Integration:            31.918 ms
	Integration of assets:  0.005 ms
	Thread Wait Time:       0.030 ms
	Total Operation Time:   32.468 ms
Unloading 1 unused Assets / (0.7 MB). Loaded Objects now: 9615.
Memory consumption went from 0.66 GB to 0.66 GB.
Total: 35.032600 ms (FindLiveObjects: 1.552400 ms CreateObjectMapping: 0.848400 ms MarkObjects: 32.294700 ms  DeleteObjects: 0.065200 ms)

SpriteAtlasPacking completed in 0.005804 sec
Entering Playmode with Reload Domain disabled.
If you experience any issues, please disable "Enter Play Mode Options" in Editor Settings
Loaded scene 'Temp/__Backupscenes/0.backup'
	Deserialize:            0.508 ms
	Integration:            31.872 ms
	Integration of assets:  0.001 ms
	Thread Wait Time:       0.015 ms
	Total Operation Time:   32.396 ms
Unloading 3 Unused Serialized files (Serialized files now loaded: 0)
Loaded scene 'Temp/__Backupscenes/0.backup'
	Deserialize:            0.666 ms
	Integration:            32.440 ms
	Integration of assets:  0.002 ms
	Thread Wait Time:       0.015 ms
	Total Operation Time:   33.123 ms
Unloading 1 unused Assets / (313.4 KB). Loaded Objects now: 9615.
Memory consumption went from 0.66 GB to 0.66 GB.
Total: 33.183000 ms (FindLiveObjects: 1.500800 ms CreateObjectMapping: 0.187200 ms MarkObjects: 31.182000 ms  DeleteObjects: 0.068400 ms)

SpriteAtlasPacking completed in 0.006420 sec
Entering Playmode with Reload Domain disabled.
If you experience any issues, please disable "Enter Play Mode Options" in Editor Settings
Loaded scene 'Temp/__Backupscenes/0.backup'
	Deserialize:            0.750 ms
	Integration:            34.320 ms
	Integration of assets:  0.002 ms
	Thread Wait Time:       0.016 ms
	Total Operation Time:   35.088 ms
Unloading 6 Unused Serialized files (Serialized files now loaded: 0)
Loaded scene 'Temp/__Backupscenes/0.backup'
	Deserialize:            0.557 ms
	Integration:            32.762 ms
	Integration of assets:  0.001 ms
	Thread Wait Time:       0.018 ms
	Total Operation Time:   33.339 ms
Unloading 2 unused Assets / (0.5 MB). Loaded Objects now: 9711.
Memory consumption went from 0.68 GB to 0.68 GB.
Total: 35.881200 ms (FindLiveObjects: 1.497400 ms CreateObjectMapping: 0.521500 ms MarkObjects: 33.540600 ms  DeleteObjects: 0.075600 ms)

[Licensing::Client] Successfully resolved entitlement details
Starting new worker id: 1 with log in C:/Users/infon/game/Logs/AssetImportWorkerHW1.log
[Worker0] Imported GUID: 69e8e05074d3d8644bfb51d89aa528e1 - Path: Assets/PlayerMovement.cs - Importer: PreviewImporter -> (ImportResultId: '3668085a57973321c570042b17458584') in 0.0245787 seconds
Worker ready: AssetImportWorkerHW1 1
[Worker0] Imported GUID: 8c9cfa26abfee488c85f1582747f6a02 - Path: Assets/Scenes/SampleScene.unity - Importer: ScriptedImporter/UnityEditor.QuickSearchModule:UnityEditor.Search:ASIAI0B -> (ImportResultId: '15b3751aefcbd499c02d9ff231721662') in 0.0837858 seconds
[Worker1] Imported GUID: 69e8e05074d3d8644bfb51d89aa528e1 - Path: Assets/PlayerMovement.cs - Importer: ScriptedImporter/UnityEditor.QuickSearchModule:UnityEditor.Search:ASIAI0B -> (ImportResultId: '138d85949501b08f8a0a5ac75c4bb7de') in 0.1083974 seconds
[ScriptCompilation] Requested script compilation because: AssetDatabase observed changes in script compilation related files
[Licensing::Client] Successfully resolved entitlement details
Refreshing native plugins compatible for Editor in 3.60 ms, found 5 plugins.

Asset Pipeline Refresh (id=74072a42a1c83f849990af8d7283ae79): Total: 0.402 seconds - Initiated by StopAssetImportingV2(NoUpdateAssetOptions)
	(Values over 0.05ms)
	Summary:
		Imports: total=0 (actual=0, local cache=0, cache server=0)
		Asset DB Process Time: managed=0 ms, native=141 ms
		Asset DB Callback time: managed=250 ms, native=9 ms
		Scripting: domain reloads=0, domain reload time=0 ms, compile time=1 ms, other=0 ms
		Project Asset Count: scripts=1681, non-scripts=3284
		Asset File Changes: new=1, changed=1, moved=0, deleted=0
		Scan Filter Count: 2
	ApplyChangesToAssetFolders: 0.222ms
	Scan: 18.558ms
	Collect global state as custom dependencies: 0.820ms
	OnSourceAssetsModified: 1.018ms
	ProcessAssetsWithTransientArtifactChanges: 0.263ms
	CategorizeAssets: 26.624ms
	CompileScripts: 0.833ms
	ImportOutOfDateAssets: 1.986ms (0.316ms without children)
		ReloadNativeAssets: 0.063ms
		UnloadImportedAssets: 0.259ms
		EnsureUptoDateAssetsAreRegisteredWithGuidPM: 0.840ms
		ImportSchedulerStart: 0.505ms
	PostProcessAllAssets: 250.474ms
		XRBuildSystem.XRAssetImported 5.052ms
		VersionControlSettings.HiddenFilePostprocess 0.052ms
		MonoPostProcessAllAssets: 245.112ms
			SyncVS.PostprocessSyncProject 240.736ms
			AssetPostprocessor.OnPostprocessAllAssets 2.895ms
			ConfigAssetsTracker.OnPostprocessAllAssets 0.621ms
			SpriteEditorTexturePostprocessor.OnPostprocessAllAssets 0.132ms
			AssetChangedListener.OnPostprocessAllAssets 0.120ms
			RenderPipelineGlobalSettingsPostprocessor.OnPostprocessAllAssets 0.097ms
			ShaderGraphAssetPostProcessor.OnPostprocessAllAssets 0.053ms
	PostAssetChangesProfiler: 8.405ms
	GatherAllCurrentPrimaryImportResultRevisions: 0.301ms
	UnloadStreamsBegin: 2.131ms
	PersistCurrentRevisions: 0.123ms
	Untracked: 82.323ms

Starting: C:\Program Files\Unity\Hub\Editor\6000.6.0f1\Editor\Data\Tools\BuildPipeline\bee_backend.exe --ipc --defer-dag-verification --dagfile="Library/Bee/1900b0aE.dag" --continue-on-failure --profile="Library/Bee/backend1.traceevents" ScriptAssemblies
WorkingDir: C:/Users/infon/game
ExitCode: 4 Duration: 0s318ms
[ 971/1266  0s] ILPP-Configuration Library/ilpp-configuration.nevergeneratedoutput
Rebuilding DAG because FileSignature timestamp changed: Library/Bee/1900b0aE-inputdata.json
*** Tundra requires additional run (0.27 seconds), 1 items updated, 970 evaluated
Starting: C:\Program Files\Unity\Hub\Editor\6000.6.0f1\Editor\Data\DotNetSdk\dotnet.exe "C:\Program Files\Unity\Hub\Editor\6000.6.0f1\Editor\Data\Tools\BuildPipeline\ScriptCompilationBuildProgram.exe" "Library/Bee/1900b0aE.dag.json" "Library/Bee/1900b0aE-inputdata.json" "Library\Bee\buildprogram0.traceevents"
WorkingDir: C:/Users/infon/game
[Worker0] Imported GUID: 0b58fd2a8e5d09f408a88922f3b25052 - Path: Assets/test.cs - Importer: PreviewImporter -> (ImportResultId: '780559cdf6e2ce3dd2f9c58f2057d899') in 0.0163472 seconds
[Worker0] Imported GUID: 0b58fd2a8e5d09f408a88922f3b25052 - Path: Assets/test.cs - Importer: ScriptedImporter/UnityEditor.QuickSearchModule:UnityEditor.Search:ASIAI0B -> (ImportResultId: 'a3012d59bb2fd7ca8fa43d41508419b6') in 0.0319074 seconds
ExitCode: 0 Duration: 1s699ms
Starting: C:\Program Files\Unity\Hub\Editor\6000.6.0f1\Editor\Data\Tools\BuildPipeline\bee_backend.exe --ipc --defer-dag-verification --dagfile="Library/Bee/1900b0aE.dag" --continue-on-failure --dagfilejson="Library\Bee\1900b0aE.dag.json" --profile="Library/Bee/backend2.traceevents" ScriptAssemblies
WorkingDir: C:/Users/infon/game
ExitCode: 0 Duration: 1s513ms
Finished compiling graph: 1269 nodes, 26017 flattened edges (21953 ToBuild, 202 ToUse), maximum node priority 1400
[ 673/1266  0s] WriteText Library/Bee/artifacts/1900b0aE.dag/Assembly-CSharp.rsp
[ 970/1266  0s] ILPP-Configuration Library/ilpp-configuration.nevergeneratedoutput
[1262/1266  0s] Csc Library/Bee/artifacts/1900b0aE.dag/Assembly-CSharp.dll (+2 others)
[1263/1266  0s] ILPostProcess Library/Bee/artifacts/1900b0aE.dag/post-processed/Assembly-CSharp.dll (+pdb)
Processing assembly Library/Bee/artifacts/1900b0aE.dag/Assembly-CSharp.dll, with 149 defines and 377 references

processors: Unity.Jobs.CodeGen.JobsILPostProcessor, zzzUnity.Burst.CodeGen.BurstILPostProcessor

1 processor(s) skipped this assembly

running Unity.Jobs.CodeGen.JobsILPostProcessor
[1264/1266  0s] CopyFiles Library/ScriptAssemblies/Assembly-CSharp.pdb
[1265/1266  0s] CopyFiles Library/ScriptAssemblies/Assembly-CSharp.dll
*** Tundra build success (1.46 seconds), 6 items updated, 1266 evaluated
Reloading assemblies after forced synchronous recompile.
Total cache size 75250908
Total cache size after purge 75250908, took 00:00:00.1170559
Begin MonoManager ReloadAssembly
Refreshing native plugins compatible for Editor in 3.54 ms, found 5 plugins.
Native extension for WindowsStandalone target not found
Native extension for WebGL target not found
[MODES] ModeService[none].Initialize
[MODES] ModeService[none].LoadModes
ScheduleIndexationOnStartup MainProcess:True IndexOnStartup:True
Scripting: successfully reloaded assembly
- Finished resetting the current domain, in  2.298 seconds
Domain Reload Profiling: 3680ms
	BeginReloadAssembly (712ms)
		DisableScriptedObjects (140ms)
		CreateAndSetChildDomain (310ms)
	RebuildCommonClasses (13ms)
	RebuildNativeTypeToScriptingClass (22ms)
	initialDomainReloadingComplete (92ms)
	LoadAllAssembliesAndSetupDomain (543ms)
		LoadAssemblies (192ms)
		TypeCache.Refresh (13ms)
		AnalyzeDomain (263ms)
			BuildScriptInfoCaches (233ms)
			ResolveRequiredComponents (28ms)
	FinalizeReload (2299ms)
		SetupLoadedEditorAssemblies (0ms)
			LogAssemblyErrors (3ms)
			InitializePlatformSupportModulesInManaged (3ms)
			BeforeProcessingInitializeOnLoad (269ms)
			ProcessInitializeOnLoadAttributes (402ms)
			ProcessInitializeOnLoadMethodAttributes (218ms)
			AfterProcessingInitializeOnLoad (11ms)
		AwakeInstancesAfterBackupRestoration (802ms)
Refreshing native plugins compatible for Editor in 4.44 ms, found 5 plugins.

Asset Pipeline Refresh (id=25da990b65bc80746bc113eeae77dd54): Total: 4.198 seconds - Initiated by RefreshV2(AllowForceSynchronousImport)
	(Values over 0.05ms)
	Summary:
		Imports: total=0 (actual=0, local cache=0, cache server=0)
		Asset DB Process Time: managed=0 ms, native=2471 ms
		Asset DB Callback time: managed=74 ms, native=59 ms
		Scripting: domain reloads=1, domain reload time=1481 ms, compile time=111 ms, other=0 ms
		Project Asset Count: scripts=1681, non-scripts=3284
		Asset File Changes: new=0, changed=0, moved=0, deleted=0
		Scan Filter Count: 0
	InvokePackagesCallback: 2.623ms
	ApplyChangesToAssetFolders: 0.386ms
	Scan: 10.301ms
	Collect global state as custom dependencies: 5.127ms
	ProcessAssetsWithTransientArtifactChanges: 7.067ms
	CategorizeAssets: 82.734ms
	CompileScripts: 111.429ms
	ImportOutOfDateAssets: 2311.098ms (2307.666ms without children)
		CollectScriptTypesHashes: 1.462ms
		ReloadNativeAssets: 1.402ms
		UnloadImportedAssets: 0.129ms
		EnsureUptoDateAssetsAreRegisteredWithGuidPM: 1.389ms
		ImportSchedulerStart: 0.477ms
	PostProcessAllAssets: 75.778ms
		XRBuildSystem.XRAssetImported 0.867ms
		MonoPostProcessAllAssets: 74.342ms
			UniversalRenderPipelineGlobalSettingsPostprocessor.OnPostprocessAllAssets 17.675ms
			AssetChangedListener.OnPostprocessAllAssets 7.483ms
			BuilderAssetPostprocessor.OnPostprocessAllAssets 7.130ms
			SyncVS.PostprocessSyncProject 4.040ms
			AssetPostprocessor.OnPostprocessAllAssets 3.989ms
			SpriteSlicePostprocessor.OnPostprocessAllAssets 2.779ms
			WindowAssetPostprocessingWatcher.OnPostprocessAllAssets 2.080ms
			SpeedTree9Postprocessor.OnPostprocessAllAssets 1.955ms
			ShaderGraphAssetPostProcessor.OnPostprocessAllAssets 1.590ms
			RetainedModeAssetPostprocessor.OnPostprocessAllAssets 1.541ms
			EditModeScopePostprocessor.OnPostprocessAllAssets 1.005ms
			ProjectSettingsPostprocessor.OnPostprocessAllAssets 0.841ms
			MaterialPostprocessor.OnPostprocessAllAssets 0.815ms
			RenderPipelineGlobalSettingsPostprocessor.OnPostprocessAllAssets 0.762ms
			SpriteShapeAssetPostProcessor.OnPostprocessAllAssets 0.691ms
			SpriteEditorTexturePostprocessor.OnPostprocessAllAssets 0.683ms
			TMPro_TexturePostProcessor.OnPostprocessAllAssets 0.590ms
			ArtifactBrowserPostProcessor.OnPostprocessAllAssets 0.586ms
			ShaderReflectionAssetPostProcessor.OnPostprocessAllAssets 0.584ms
			UVCSAssetPostprocessor.OnPostprocessAllAssets 0.409ms
			AudioMixerPostprocessor.OnPostprocessAllAssets 0.409ms
			InputActionAssetPostprocessor.OnPostprocessAllAssets 0.374ms
			TextAssetPostProcessor.OnPostprocessAllAssets 0.346ms
			InputActionJsonNameModifierAssetProcessor.OnPostprocessAllAssets 0.300ms
			ReferencedClipsPostProcessor.OnPostprocessAllAssets 0.296ms
			PostProcessor.OnPostprocessAllAssets 0.280ms
			StyleCatalogPostProcessor.OnPostprocessAllAssets 0.263ms
			AssetEvents.OnPostprocessAllAssets 0.238ms
			SpriteLibraryAssetPostprocessor.OnPostprocessAllAssets 0.228ms
			SpeedTreePostProcessor.OnPostprocessAllAssets 0.169ms
			TerrainToolbarOverlayPostProcessor.OnPostprocessAllAssets 0.169ms
			AssetDatabaseCallbacks.OnPostprocessAllAssets 0.161ms
			ThemePostprocessor.OnPostprocessAllAssets 0.154ms
			SamplePostprocessor.OnPostprocessAllAssets 0.152ms
			ConfigAssetsTracker.OnPostprocessAllAssets 0.148ms
			PSDImportPostProcessor.OnPostprocessAllAssets 0.146ms
			ScenarioDriftAssetsTracker.OnPostprocessAllAssets 0.127ms
			AssetReloadNotifier.OnPostprocessAllAssets 0.119ms
			PSDImporterAssetPostProcessor.OnPostprocessAllAssets 0.104ms
			AudioContainerPostProcessor.OnPostprocessAllAssets 0.088ms
			AssetProcessor.OnPostprocessAllAssets 0.062ms
	PostAssetChangesProfiler: 57.376ms
	GatherAllCurrentPrimaryImportResultRevisions: 0.213ms
	PersistCurrentRevisions: 0.195ms
	GenerateScriptTypeHashes: 3.502ms
	GenerateScriptTypeSerializationHashes: 6.577ms
	Untracked: 1525.655ms

[Licensing::Client] Successfully resolved entitlement details
[Licensing::Client] Successfully resolved entitlement details
[Worker1] Imported GUID: 0b58fd2a8e5d09f408a88922f3b25052 - Path: Assets/test.cs - Importer: PreviewImporter -> (ImportResultId: 'b866156c3df3b3ca029a71abf80dcf81') in 0.0170353 seconds
[ScriptCompilation] Requested script compilation because: AssetDatabase observed changes in script compilation related files
Refreshing native plugins compatible for Editor in 4.40 ms, found 5 plugins.

Asset Pipeline Refresh (id=2442e9612a915434881b0e51fdd7bbf9): Total: 0.459 seconds - Initiated by StopAssetImportingV2(NoUpdateAssetOptions)
	(Values over 0.05ms)
	Summary:
		Imports: total=0 (actual=0, local cache=0, cache server=0)
		Asset DB Process Time: managed=0 ms, native=127 ms
		Asset DB Callback time: managed=321 ms, native=9 ms
		Scripting: domain reloads=0, domain reload time=0 ms, compile time=1 ms, other=0 ms
		Project Asset Count: scripts=1681, non-scripts=3284
		Asset File Changes: new=0, changed=0, moved=0, deleted=1
		Scan Filter Count: 2
	ApplyChangesToAssetFolders: 0.127ms
	Scan: 18.825ms
	Collect global state as custom dependencies: 0.426ms
	OnSourceAssetsModified: 0.838ms
	ProcessAssetsWithTransientArtifactChanges: 0.116ms
	CategorizeAssets: 25.837ms
	CompileScripts: 0.861ms
	ImportOutOfDateAssets: 2.107ms (0.309ms without children)
		UnloadImportedAssets: 0.316ms
		EnsureUptoDateAssetsAreRegisteredWithGuidPM: 0.958ms
		ImportSchedulerStart: 0.475ms
	PostProcessAllAssets: 315.818ms
		XRBuildSystem.XRAssetImported 0.946ms
		MonoPostProcessAllAssets: 314.678ms
			SyncVS.PostprocessSyncProject 311.913ms
			ConfigAssetsTracker.OnPostprocessAllAssets 1.119ms
			ShaderGraphAssetPostProcessor.OnPostprocessAllAssets 0.582ms
			RenderPipelineGlobalSettingsPostprocessor.OnPostprocessAllAssets 0.196ms
			AssetChangedListener.OnPostprocessAllAssets 0.148ms
			StyleCatalogPostProcessor.OnPostprocessAllAssets 0.117ms
			RetainedModeAssetPostprocessor.OnPostprocessAllAssets 0.106ms
			AssetPostprocessor.OnPostprocessAllAssets 0.052ms
	PostAssetChangesProfiler: 14.262ms
	GatherAllCurrentPrimaryImportResultRevisions: 0.668ms
	PersistCurrentRevisions: 0.127ms
	Untracked: 79.248ms

Starting: C:\Program Files\Unity\Hub\Editor\6000.6.0f1\Editor\Data\Tools\BuildPipeline\bee_backend.exe --ipc --defer-dag-verification --dagfile="Library/Bee/1900b0aE.dag" --continue-on-failure --profile="Library/Bee/backend1.traceevents" ScriptAssemblies
WorkingDir: C:/Users/infon/game
Starting: C:\Program Files\Unity\Hub\Editor\6000.6.0f1\Editor\Data\DotNetSdk\dotnet.exe "C:\Program Files\Unity\Hub\Editor\6000.6.0f1\Editor\Data\Tools\BuildPipeline\ScriptCompilationBuildProgram.exe" "Library/Bee/1900b0aE.dag.json" "Library/Bee/1900b0aE-inputdata.json" "Library\Bee\buildprogram0.traceevents"
WorkingDir: C:/Users/infon/game
ExitCode: 4 Duration: 0s412ms
[ 970/1266  0s] ILPP-Configuration Library/ilpp-configuration.nevergeneratedoutput
Rebuilding DAG because FileSignature timestamp changed: Library/Bee/1900b0aE-inputdata.json
*** Tundra requires additional run (0.37 seconds), 2 items updated, 1261 evaluated
ExitCode: 0 Duration: 1s629ms
Starting: C:\Program Files\Unity\Hub\Editor\6000.6.0f1\Editor\Data\Tools\BuildPipeline\bee_backend.exe --ipc --defer-dag-verification --dagfile="Library/Bee/1900b0aE.dag" --continue-on-failure --dagfilejson="Library\Bee\1900b0aE.dag.json" --profile="Library/Bee/backend2.traceevents" ScriptAssemblies
WorkingDir: C:/Users/infon/game
ExitCode: 0 Duration: 0s960ms
Finished compiling graph: 1269 nodes, 26017 flattened edges (21953 ToBuild, 202 ToUse), maximum node priority 1400
[ 673/1266  0s] WriteText Library/Bee/artifacts/1900b0aE.dag/Assembly-CSharp.rsp
[ 970/1266  0s] ILPP-Configuration Library/ilpp-configuration.nevergeneratedoutput
[1262/1266  0s] Csc Library/Bee/artifacts/1900b0aE.dag/Assembly-CSharp.dll (+2 others)
[1263/1266  0s] ILPostProcess Library/Bee/artifacts/1900b0aE.dag/post-processed/Assembly-CSharp.dll (+pdb)
Processing assembly Library/Bee/artifacts/1900b0aE.dag/Assembly-CSharp.dll, with 149 defines and 377 references

processors: Unity.Jobs.CodeGen.JobsILPostProcessor, zzzUnity.Burst.CodeGen.BurstILPostProcessor

1 processor(s) skipped this assembly

running Unity.Jobs.CodeGen.JobsILPostProcessor
[1264/1266  0s] CopyFiles Library/ScriptAssemblies/Assembly-CSharp.pdb
[1265/1266  0s] CopyFiles Library/ScriptAssemblies/Assembly-CSharp.dll
*** Tundra build success (0.93 seconds), 6 items updated, 1266 evaluated
Total cache size 75250908
Reloading assemblies after forced synchronous recompile.
Total cache size after purge 75250908, took 00:00:00.1319228
Begin MonoManager ReloadAssembly
Refreshing native plugins compatible for Editor in 3.38 ms, found 5 plugins.
Native extension for WindowsStandalone target not found
Native extension for WebGL target not found
[MODES] ModeService[none].Initialize
[MODES] ModeService[none].LoadModes
ScheduleIndexationOnStartup MainProcess:True IndexOnStartup:True
Scripting: successfully reloaded assembly
- Finished resetting the current domain, in  2.276 seconds
Domain Reload Profiling: 3603ms
	BeginReloadAssembly (677ms)
		DisableScriptedObjects (153ms)
		CreateAndSetChildDomain (287ms)
	RebuildCommonClasses (13ms)
	RebuildNativeTypeToScriptingClass (21ms)
	initialDomainReloadingComplete (88ms)
	LoadAllAssembliesAndSetupDomain (527ms)
		LoadAssemblies (176ms)
		TypeCache.Refresh (13ms)
		AnalyzeDomain (258ms)
			BuildScriptInfoCaches (228ms)
			ResolveRequiredComponents (28ms)
	FinalizeReload (2277ms)
		SetupLoadedEditorAssemblies (0ms)
			InitializePlatformSupportModulesInManaged (3ms)
			BeforeProcessingInitializeOnLoad (274ms)
			ProcessInitializeOnLoadAttributes (419ms)
			ProcessInitializeOnLoadMethodAttributes (215ms)
			AfterProcessingInitializeOnLoad (10ms)
		AwakeInstancesAfterBackupRestoration (774ms)

Asset Pipeline Refresh (id=b41183f649a5f714b9029d519222436b): Total: 6.525 seconds - Initiated by RefreshV2(ForceSynchronousImport)
	(Values over 0.05ms)
	Summary:
		Imports: total=0 (actual=0, local cache=0, cache server=0)
		Asset DB Process Time: managed=0 ms, native=2450 ms
		Asset DB Callback time: managed=39 ms, native=0 ms
		Scripting: domain reloads=1, domain reload time=1408 ms, compile time=2625 ms, other=0 ms
		Project Asset Count: scripts=1681, non-scripts=3284
		Asset File Changes: new=0, changed=0, moved=0, deleted=0
		Scan Filter Count: 0
	InvokePackagesCallback: 2.579ms
	ApplyChangesToAssetFolders: 0.399ms
	Scan: 10.127ms
	Collect global state as custom dependencies: 4.892ms
	ProcessAssetsWithTransientArtifactChanges: 13.827ms
	CategorizeAssets: 83.889ms
	CompileScripts: 2625.188ms
	ImportOutOfDateAssets: 2289.458ms (2285.979ms without children)
		CollectScriptTypesHashes: 2.411ms
		ReloadNativeAssets: 1.398ms
		UnloadImportedAssets: 0.112ms
		EnsureUptoDateAssetsAreRegisteredWithGuidPM: 1.465ms
		ImportSchedulerStart: 0.467ms
	PostProcessAllAssets: 39.925ms
		MonoPostProcessAllAssets: 39.919ms
			UniversalRenderPipelineGlobalSettingsPostprocessor.OnPostprocessAllAssets 18.153ms
			SyncVS.PostprocessSyncProject 3.362ms
			SpeedTree9Postprocessor.OnPostprocessAllAssets 1.926ms
			WindowAssetPostprocessingWatcher.OnPostprocessAllAssets 1.902ms
			ConfigAssetsTracker.OnPostprocessAllAssets 1.119ms
			EditModeScopePostprocessor.OnPostprocessAllAssets 0.962ms
			RenderPipelineGlobalSettingsPostprocessor.OnPostprocessAllAssets 0.806ms
			ProjectSettingsPostprocessor.OnPostprocessAllAssets 0.782ms
			ShaderReflectionAssetPostProcessor.OnPostprocessAllAssets 0.598ms
			ShaderGraphAssetPostProcessor.OnPostprocessAllAssets 0.582ms
			InputActionAssetPostprocessor.OnPostprocessAllAssets 0.376ms
			ReferencedClipsPostProcessor.OnPostprocessAllAssets 0.356ms
			TerrainToolbarOverlayPostProcessor.OnPostprocessAllAssets 0.165ms
			AssetDatabaseCallbacks.OnPostprocessAllAssets 0.154ms
			AssetChangedListener.OnPostprocessAllAssets 0.148ms
			StyleCatalogPostProcessor.OnPostprocessAllAssets 0.117ms
			RetainedModeAssetPostprocessor.OnPostprocessAllAssets 0.106ms
			AssetPostprocessor.OnPostprocessAllAssets 0.052ms
	GatherAllCurrentPrimaryImportResultRevisions: 0.200ms
	PersistCurrentRevisions: 0.126ms
	GenerateScriptTypeHashes: 3.315ms
	GenerateScriptTypeSerializationHashes: 6.005ms
	Untracked: 1444.509ms

[Licensing::Client] Successfully resolved entitlement details
[Licensing::Client] Successfully resolved entitlement details
Asset Pipeline Refresh (id=251d000a6c6a42644bd2eb9158bf6975): Total: 0.007 seconds - Initiated by RefreshV2(AllowForceSynchronousImport)
Importing 'GUID: 7282d61b48057b4458deeffba250a788 - Path: Assets/test.inputactions' with importer (ScriptedImporter : Unity.InputSystem:UnityEngine.InputSystem.Editor:InputActionImporter)
Imported 'GUID: 7282d61b48057b4458deeffba250a788' -> (Import Result ID: 'd862e15745fb1b1b940470f43c778ee7') in 0.030 seconds [static and dynamic dependencies]. Details - ImportResultOutputID=3fe6c577ec1c901971fb5d0d5588b96c DependenciesID=fe9274e6d9176e91d76f9f5123ccf814 StaticDependenciesID=4348e1b6e8d26582fd84640f1c25468a 
Importing 'GUID: 7282d61b48057b4458deeffba250a788 - Path: Assets/test.inputactions' with importer (ScriptedImporter : Unity.InputSystem:UnityEngine.InputSystem.Editor:InputActionImporter)
Imported 'GUID: 7282d61b48057b4458deeffba250a788' -> (Import Result ID: 'f975391328a4a586fd9c2281871071fb') in 0.002 seconds [static and dynamic dependencies]. Details - ImportResultOutputID=3fe6c577ec1c901971fb5d0d5588b96c DependenciesID=74326e4c1f993f2b4dffc5e88bbc6917 StaticDependenciesID=c49530f7f842112d110bcc12ff046c87 
Refreshing native plugins compatible for Editor in 3.97 ms, found 5 plugins.
Asset Pipeline Refresh (id=2727578ec758f454e99a1c29f7f0215b): Total: 0.179 seconds - Initiated by StopAssetImportingV2(NoUpdateAssetOptions)
[Worker1] Imported GUID: 7282d61b48057b4458deeffba250a788 - Path: Assets/test.inputactions - Importer: PreviewImporter -> (ImportResultId: 'b55f64f515b5597579039dc72ff6ba1f') in 0.044485 seconds
[Worker0] Imported GUID: 7282d61b48057b4458deeffba250a788 - Path: Assets/test.inputactions - Importer: ScriptedImporter/UnityEditor.QuickSearchModule:UnityEditor.Search:ASIAI0B -> (ImportResultId: 'eaba1cfe3a392816ea539b24a3a5bff6') in 0.104217 seconds
Importing 'GUID: 7282d61b48057b4458deeffba250a788 - Path: Assets/test.inputactions' with importer (ScriptedImporter : Unity.InputSystem:UnityEngine.InputSystem.Editor:InputActionImporter)
Imported 'GUID: 7282d61b48057b4458deeffba250a788' -> (Import Result ID: 'f8c5bf54a3adb816b57bf2e677f51631') in 0.006 seconds [static and dynamic dependencies]. Details - ImportResultOutputID=7f7e46bd43b90eec18122a8e284b9346 DependenciesID=8b615848a24cbee5d863e9daec7dd4c1 StaticDependenciesID=27be9d205182e92de32fdcf7392e761d 
Refreshing native plugins compatible for Editor in 3.32 ms, found 5 plugins.
Asset Pipeline Refresh (id=4ab6843052829a54dafc1350517f2027): Total: 0.074 seconds - Initiated by StopAssetImportingV2(NoUpdateAssetOptions)
[Worker0] Imported GUID: 7282d61b48057b4458deeffba250a788 - Path: Assets/test.inputactions - Importer: PreviewImporter -> (ImportResultId: '0ad3c8ba49957db6c6f12b6ba4db657b') in 0.0378221 seconds
Refreshing native plugins compatible for Editor in 3.41 ms, found 5 plugins.
Asset Pipeline Refresh (id=c394d5b0cf98c17418ab244b35993703): Total: 0.067 seconds - Initiated by StopAssetImportingV2(NoUpdateAssetOptions)
Asset Pipeline Refresh (id=98f7f2e759f80bf4eacde1936b1af583): Total: 0.018 seconds - Initiated by RefreshV2(ForceSynchronousImport)
Asset Pipeline Refresh (id=35bfd561fcb5cd140aadb667cf92ccb2): Total: 0.006 seconds - Initiated by RefreshV2(AllowForceSynchronousImport)
Asset Pipeline Refresh (id=f8d80a6f87a5bbf4d8c66730b7290c41): Total: 0.011 seconds - Initiated by RefreshV2(AllowForceSynchronousImport)
Asset Pipeline Refresh (id=d898a4552db49504c8ee15e44b48610b): Total: 0.007 seconds - Initiated by RefreshV2(AllowForceSynchronousImport)
Importing 'GUID: 00000000000000009000000000000000 - Path: ProjectSettings/QualitySettings.asset' with importer (LibraryAssetImporter)
Imported 'GUID: 00000000000000009000000000000000' -> (Import Result ID: 'ad6ca2034549a8dd6f88c2e2fb528c97') in 0.001 seconds [static dependencies only]. Details - ImportResultOutputID=2a108b3da874f726c62fbe5f12be4a8a DependenciesID=1aedbe56ae62f321fe459982db2fa012 StaticDependenciesID=e9a43e809c5953780a851aff477bfce8 
Refreshing native plugins compatible for Editor in 5.32 ms, found 5 plugins.
Asset Pipeline Refresh (id=efeafedbce0c3eb4984c427e8135381d): Total: 0.034 seconds - Initiated by StopAssetImportingV2(NoUpdateAssetOptions)
Importing 'GUID: 8c9cfa26abfee488c85f1582747f6a02 - Path: Assets/Scenes/SampleScene.unity' with importer (DefaultImporter)
Imported 'GUID: 8c9cfa26abfee488c85f1582747f6a02' -> (Import Result ID: '7ea4ffa5e9f387c32a3f78c550ccb954') in 0.002 seconds [static dependencies only]. Details - ImportResultOutputID=024c942fddc2cb857ccb9edff708c760 DependenciesID=0719b3f5baa79e57cc63f91ffc729466 StaticDependenciesID=3ce24eec456045e1fe272062e9b2a34e 
Refreshing native plugins compatible for Editor in 3.61 ms, found 5 plugins.
Asset Pipeline Refresh (id=0b0fdbccaba6ce74cb256bab84f1c427): Total: 0.054 seconds - Initiated by StopAssetImportingV2(NoUpdateAssetOptions)
MonoPathRemapper: Attempts to remap: 147805; Successful remaps: 97006
Serialized file version minimum: 22, current 23
[LAYOUT] About to save layout C:\Users\infon\game\UserSettings\Layouts\default-6000.dwlt
[LAYOUT] About to save layout C:/Users/infon/AppData/Roaming/Unity/Editor-5.x/Preferences\Layouts\current\default-6000.dwlt
Input System module state changed to: ShutdownInProgress.
Input Polling Thread exited.
Input System module state changed to: Shutdown.
[Physics::Module] Cleanup current backend.
[Physics::Module] Id: 0xf2b8ea05
[Licensing::IpcConnector] LicenseClient-infon-notifications channel disconnected successfully.
[Licensing::IpcConnector] LicenseClient-infon channel disconnected successfully.
Lingering sessions upon destruction of worker manager
Unity Data Store service was successfully shut down
UDS shutting down local client system
Shut down UDS service system complete
AcceleratorClientConnectionCallback - disconnected - :0
Cleanup mono
CodeReloadManager destroyed
abort_threads: Failed aborting id: 000000000000532C, mono_thread_manage will ignore it

abort_threads: Failed aborting id: 000000000000532C, mono_thread_manage will ignore it

debugger-agent: Unable to listen on 5636
Checking for leaked weakptr:
  Found no leaked weakptrs.
[Package Manager] Server process was shutdown
##utp:{"type":"MemoryLeaks","version":2,"phase":"Immediate","time":1788722130813,"processId":25332,"allocatedMemory":18706282,"memoryLabels":[{"Default":224462},{"Permanent":15516},{"NewDelete":75705},{"Thread":4206112},{"Manager":845384},{"VertexData":8},{"Geometry":816},{"Shader":864660},{"Material":24},{"TextureCache":456},{"GfxDevice":72792},{"GfxThread":1536},{"Animation":952},{"FreeType":8},{"FontEngine":736},{"Physics":1970},{"Physics2D":16},{"Serialization":196488},{"Input":45280},{"JobScheduler":256},{"TextLib":64942},{"Mono":48},{"MonoCode":128},{"ScriptingNativeRuntime":1549512},{"BaseObject":50512},{"Resource":1208},{"Renderer":2376},{"Transform":4685},{"File":31153},{"WebCam":616},{"Culling":32},{"Terrain":11442},{"Wind":24},{"STL":40},{"String":1409676},{"StaticString":3808},{"Utility":2679381},{"Curl":48},{"PoolAlloc":2408},{"AI":80},{"TypeTree":376079},{"ScriptManager":31600},{"CodeReload":448},{"RuntimeInitializeOnLoadManager":64},{"Sprites":102},{"SpriteAtlas":120},{"GI":7816},{"Director":8296},{"CloudService":7872},{"WebRequest":10230},{"VR":49650},{"SceneManager":608},{"Video":208},{"LazyScriptCache":32},{"NativeArray":2160},{"Camera":729},{"Secure":265},{"SerializationCache":9256},{"APIUpdating":10320},{"Subsystems":336},{"VirtualTexturing":57888},{"StaticSafetyDebugInfo":278528},{"Analytics":768},{"Hierarchy":1188},{"UIElements":40},{"CoreStats":14456},{"Identifiers":7152},{"Gui":268248},{"EditorUtility":165536},{"VersionControl":8},{"Undo":931},{"AssetDatabase":4967052},{"AssetImporter":40},{"EditorGi":328},{"UnityConnect":36881},{"Upm":1988},{"UpmDiagnostics":8},{"AssetCompliance":96},{"DrivenProperties":72},{"LocalIPC":260},{"ProfilerEditor":9746},{"CoreBusinessMetrics":3600},{"Windowing":456},{"Licensing":12805},{"AssetReference":32},{"IPCStream":32}]}
